Archive member included to satisfy reference by file (symbol)

c:/progra~2/gnutoo~1/50a5a~1.420/bin/../lib/gcc/arm-none-eabi/5.4.1/../../../../arm-none-eabi/lib/armv7-m\libg.a(lib_a-errno.o)
                              CMakeFiles/stm32Project.elf.dir/Core/Src/syscalls.c.obj (__errno)
c:/progra~2/gnutoo~1/50a5a~1.420/bin/../lib/gcc/arm-none-eabi/5.4.1/../../../../arm-none-eabi/lib/armv7-m\libg.a(lib_a-exit.o)
                              c:/progra~2/gnutoo~1/50a5a~1.420/bin/../lib/gcc/arm-none-eabi/5.4.1/../../../../arm-none-eabi/lib/armv7-m/crt0.o (exit)
c:/progra~2/gnutoo~1/50a5a~1.420/bin/../lib/gcc/arm-none-eabi/5.4.1/../../../../arm-none-eabi/lib/armv7-m\libg.a(lib_a-impure.o)
                              c:/progra~2/gnutoo~1/50a5a~1.420/bin/../lib/gcc/arm-none-eabi/5.4.1/../../../../arm-none-eabi/lib/armv7-m\libg.a(lib_a-exit.o) (_global_impure_ptr)
c:/progra~2/gnutoo~1/50a5a~1.420/bin/../lib/gcc/arm-none-eabi/5.4.1/../../../../arm-none-eabi/lib/armv7-m\libg.a(lib_a-init.o)
                              c:/progra~2/gnutoo~1/50a5a~1.420/bin/../lib/gcc/arm-none-eabi/5.4.1/../../../../arm-none-eabi/lib/armv7-m/crt0.o (__libc_init_array)
c:/progra~2/gnutoo~1/50a5a~1.420/bin/../lib/gcc/arm-none-eabi/5.4.1/../../../../arm-none-eabi/lib/armv7-m\libg.a(lib_a-memset.o)
                              c:/progra~2/gnutoo~1/50a5a~1.420/bin/../lib/gcc/arm-none-eabi/5.4.1/../../../../arm-none-eabi/lib/armv7-m/crt0.o (memset)
c:/progra~2/gnutoo~1/50a5a~1.420/bin/../lib/gcc/arm-none-eabi/5.4.1/../../../../arm-none-eabi/lib/armv7-m\libg.a(lib_a-puts.o)
                              CMakeFiles/stm32Project.elf.dir/Core/Src/main.c.obj (puts)
c:/progra~2/gnutoo~1/50a5a~1.420/bin/../lib/gcc/arm-none-eabi/5.4.1/../../../../arm-none-eabi/lib/armv7-m\libg.a(lib_a-strcmp.o)
                              CMakeFiles/stm32Project.elf.dir/Core/Src/main.c.obj (strcmp)
c:/progra~2/gnutoo~1/50a5a~1.420/bin/../lib/gcc/arm-none-eabi/5.4.1/../../../../arm-none-eabi/lib/armv7-m\libg.a(lib_a-strlen-stub.o)
                              CMakeFiles/stm32Project.elf.dir/Core/Src/main.c.obj (strlen)
c:/progra~2/gnutoo~1/50a5a~1.420/bin/../lib/gcc/arm-none-eabi/5.4.1/../../../../arm-none-eabi/lib/armv7-m\libg.a(lib_a-__call_atexit.o)
                              c:/progra~2/gnutoo~1/50a5a~1.420/bin/../lib/gcc/arm-none-eabi/5.4.1/../../../../arm-none-eabi/lib/armv7-m\libg.a(lib_a-exit.o) (__call_exitprocs)
c:/progra~2/gnutoo~1/50a5a~1.420/bin/../lib/gcc/arm-none-eabi/5.4.1/../../../../arm-none-eabi/lib/armv7-m\libg.a(lib_a-atexit.o)
                              c:/progra~2/gnutoo~1/50a5a~1.420/bin/../lib/gcc/arm-none-eabi/5.4.1/../../../../arm-none-eabi/lib/armv7-m\libg.a(lib_a-__call_atexit.o) (atexit)
c:/progra~2/gnutoo~1/50a5a~1.420/bin/../lib/gcc/arm-none-eabi/5.4.1/../../../../arm-none-eabi/lib/armv7-m\libg.a(lib_a-findfp.o)
                              c:/progra~2/gnutoo~1/50a5a~1.420/bin/../lib/gcc/arm-none-eabi/5.4.1/../../../../arm-none-eabi/lib/armv7-m\libg.a(lib_a-puts.o) (__sinit)
c:/progra~2/gnutoo~1/50a5a~1.420/bin/../lib/gcc/arm-none-eabi/5.4.1/../../../../arm-none-eabi/lib/armv7-m\libg.a(lib_a-fini.o)
                              c:/progra~2/gnutoo~1/50a5a~1.420/bin/../lib/gcc/arm-none-eabi/5.4.1/../../../../arm-none-eabi/lib/armv7-m\libg.a(lib_a-__call_atexit.o) (__libc_fini_array)
c:/progra~2/gnutoo~1/50a5a~1.420/bin/../lib/gcc/arm-none-eabi/5.4.1/../../../../arm-none-eabi/lib/armv7-m\libg.a(lib_a-fvwrite.o)
                              c:/progra~2/gnutoo~1/50a5a~1.420/bin/../lib/gcc/arm-none-eabi/5.4.1/../../../../arm-none-eabi/lib/armv7-m\libg.a(lib_a-puts.o) (__sfvwrite_r)
c:/progra~2/gnutoo~1/50a5a~1.420/bin/../lib/gcc/arm-none-eabi/5.4.1/../../../../arm-none-eabi/lib/armv7-m\libg.a(lib_a-fwalk.o)
                              c:/progra~2/gnutoo~1/50a5a~1.420/bin/../lib/gcc/arm-none-eabi/5.4.1/../../../../arm-none-eabi/lib/armv7-m\libg.a(lib_a-findfp.o) (_fwalk)
c:/progra~2/gnutoo~1/50a5a~1.420/bin/../lib/gcc/arm-none-eabi/5.4.1/../../../../arm-none-eabi/lib/armv7-m\libg.a(lib_a-mallocr.o)
                              c:/progra~2/gnutoo~1/50a5a~1.420/bin/../lib/gcc/arm-none-eabi/5.4.1/../../../../arm-none-eabi/lib/armv7-m\libg.a(lib_a-findfp.o) (_malloc_r)
c:/progra~2/gnutoo~1/50a5a~1.420/bin/../lib/gcc/arm-none-eabi/5.4.1/../../../../arm-none-eabi/lib/armv7-m\libg.a(lib_a-memchr-stub.o)
                              c:/progra~2/gnutoo~1/50a5a~1.420/bin/../lib/gcc/arm-none-eabi/5.4.1/../../../../arm-none-eabi/lib/armv7-m\libg.a(lib_a-fvwrite.o) (memchr)
c:/progra~2/gnutoo~1/50a5a~1.420/bin/../lib/gcc/arm-none-eabi/5.4.1/../../../../arm-none-eabi/lib/armv7-m\libg.a(lib_a-memcpy.o)
                              c:/progra~2/gnutoo~1/50a5a~1.420/bin/../lib/gcc/arm-none-eabi/5.4.1/../../../../arm-none-eabi/lib/armv7-m\libg.a(lib_a-fvwrite.o) (memcpy)
c:/progra~2/gnutoo~1/50a5a~1.420/bin/../lib/gcc/arm-none-eabi/5.4.1/../../../../arm-none-eabi/lib/armv7-m\libg.a(lib_a-memmove.o)
[...]
Memory Configuration

Name             Origin             Length             Attributes
RAM              0x20000000         0x0000c000         xrw
FLASH            0x08000000         0x00040000         xr
*default*        0x00000000         0xffffffff

Linker script and memory map

LOAD c:/progra~2/gnutoo~1/50a5a~1.420/bin/../lib/gcc/arm-none-eabi/5.4.1/armv7-m/crti.o
LOAD c:/progra~2/gnutoo~1/50a5a~1.420/bin/../lib/gcc/arm-none-eabi/5.4.1/armv7-m/crtbegin.o
LOAD c:/progra~2/gnutoo~1/50a5a~1.420/bin/../lib/gcc/arm-none-eabi/5.4.1/../../../../arm-none-eabi/lib/armv7-m/crt0.o
LOAD CMakeFiles/stm32Project.elf.dir/Core/Src/dma.c.obj
LOAD CMakeFiles/stm32Project.elf.dir/Core/Src/gpio.c.obj
LOAD CMakeFiles/stm32Project.elf.dir/Core/Src/i2c.c.obj
LOAD CMakeFiles/stm32Project.elf.dir/Core/Src/main.c.obj
LOAD CMakeFiles/stm32Project.elf.dir/Core/Src/stm32f1xx_hal_msp.c.obj
LOAD CMakeFiles/stm32Project.elf.dir/Core/Src/stm32f1xx_it.c.obj
LOAD CMakeFiles/stm32Project.elf.dir/Core/Src/syscalls.c.obj
LOAD CMakeFiles/stm32Project.elf.dir/Core/Src/system_stm32f1xx.c.obj
LOAD CMakeFiles/stm32Project.elf.dir/Core/Src/usart.c.obj
LOAD CMakeFiles/stm32Project.elf.dir/Core/Src/user/oled.c.obj
LOAD CMakeFiles/stm32Project.elf.dir/Drivers/STM32F1xx_HAL_Driver/Src/stm32f1xx_hal.c.obj
LOAD CMakeFiles/stm32Project.elf.dir/Drivers/STM32F1xx_HAL_Driver/Src/stm32f1xx_hal_cortex.c.obj
LOAD CMakeFiles/stm32Project.elf.dir/Drivers/STM32F1xx_HAL_Driver/Src/stm32f1xx_hal_dma.c.obj
LOAD CMakeFiles/stm32Project.elf.dir/Drivers/STM32F1xx_HAL_Driver/Src/stm32f1xx_hal_exti.c.obj
LOAD CMakeFiles/stm32Project.elf.dir/Drivers/STM32F1xx_HAL_Driver/Src/stm32f1xx_hal_flash.c.obj
LOAD CMakeFiles/stm32Project.elf.dir/Drivers/STM32F1xx_HAL_Driver/Src/stm32f1xx_hal_flash_ex.c.obj
LOAD CMakeFiles/stm32Project.elf.dir/Drivers/STM32F1xx_HAL_Driver/Src/stm32f1xx_hal_gpio.c.obj
LOAD CMakeFiles/stm32Project.elf.dir/Drivers/STM32F1xx_HAL_Driver/Src/stm32f1xx_hal_gpio_ex.c.obj
LOAD CMakeFiles/stm32Project.elf.dir/Drivers/STM32F1xx_HAL_Driver/Src/stm32f1xx_hal_i2c.c.obj
LOAD CMakeFiles/stm32Project.elf.dir/Drivers/STM32F1xx_HAL_Driver/Src/stm32f1xx_hal_pwr.c.obj
LOAD CMakeFiles/stm32Project.elf.dir/Drivers/STM32F1xx_HAL_Driver/Src/stm32f1xx_hal_rcc.c.obj
LOAD CMakeFiles/stm32Project.elf.dir/Drivers/STM32F1xx_HAL_Driver/Src/stm32f1xx_hal_rcc_ex.c.obj
LOAD CMakeFiles/stm32Project.elf.dir/Drivers/STM32F1xx_HAL_Driver/Src/stm32f1xx_hal_tim.c.obj
LOAD CMakeFiles/stm32Project.elf.dir/Drivers/STM32F1xx_HAL_Driver/Src/stm32f1xx_hal_tim_ex.c.obj
LOAD CMakeFiles/stm32Project.elf.dir/Drivers/STM32F1xx_HAL_Driver/Src/stm32f1xx_hal_uart.c.obj
LOAD CMakeFiles/stm32Project.elf.dir/startup/startup_stm32f103xe.s.obj
START GROUP
LOAD c:/progra~2/gnutoo~1/50a5a~1.420/bin/../lib/gcc/arm-none-eabi/5.4.1/armv7-m\libgcc.a
LOAD c:/progra~2/gnutoo~1/50a5a~1.420/bin/../lib/gcc/arm-none-eabi/5.4.1/../../../../arm-none-eabi/lib/armv7-m\libg.a
LOAD c:/progra~2/gnutoo~1/50a5a~1.420/bin/../lib/gcc/arm-none-eabi/5.4.1/../../../../arm-none-eabi/lib/armv7-m\libc.a
END GROUP
LOAD c:/progra~2/gnutoo~1/50a5a~1.420/bin/../lib/gcc/arm-none-eabi/5.4.1/armv7-m/crtend.o
LOAD c:/progra~2/gnutoo~1/50a5a~1.420/bin/../lib/gcc/arm-none-eabi/5.4.1/armv7-m/crtn.o
                0x2000c000                _estack = 0x2000c000
                0x00000200                _Min_Heap_Size = 0x200
                0x00000400                _Min_Stack_Size = 0x400

.isr_vector     0x08000000      0x1e4
                0x08000000                . = ALIGN (0x4)
 *(.isr_vector)
 .isr_vector    0x08000000      0x1e4 CMakeFiles/stm32Project.elf.dir/startup/startup_stm32f103xe.s.obj
                0x08000000                g_pfnVectors
                0x080001e4                . = ALIGN (0x4)

.text           0x080001e4     0x4318
                0x080001e4                . = ALIGN (0x4)
 *(.text)
 .text          0x080001e4       0x5c c:/progra~2/gnutoo~1/50a5a~1.420/bin/../lib/gcc/arm-none-eabi/5.4.1/armv7-m/crtbegin.o
 .text          0x08000240      0x1bc c:/progra~2/gnutoo~1/50a5a~1.420/bin/../lib/gcc/arm-none-eabi/5.4.1/../../../../arm-none-eabi/lib/armv7-m\libg.a(lib_a-strcmp.o)
                0x08000240                strcmp
 .text          0x080003fc       0xec c:/progra~2/gnutoo~1/50a5a~1.420/bin/../lib/gcc/arm-none-eabi/5.4.1/../../../../arm-none-eabi/lib/armv7-m\libg.a(lib_a-memcpy.o)
                0x080003fc                memcpy
 *(.text*)
 .text.MX_DMA_Init
                0x080004e8       0x44 CMakeFiles/stm32Project.elf.dir/Core/Src/dma.c.obj
                0x080004e8                MX_DMA_Init
 .text.MX_GPIO_Init
                0x0800052c       0x8c CMakeFiles/stm32Project.elf.dir/Core/Src/gpio.c.obj
                0x0800052c                MX_GPIO_Init
 .text.MX_I2C2_Init
                0x080005b8       0x38 CMakeFiles/stm32Project.elf.dir/Core/Src/i2c.c.obj
                0x080005b8                MX_I2C2_Init
 .text.HAL_I2C_MspInit
                0x080005f0       0x64 CMakeFiles/stm32Project.elf.dir/Core/Src/i2c.c.obj
                0x080005f0                HAL_I2C_MspInit
 .text.OLED_preFlash
                0x08000654       0x28 CMakeFiles/stm32Project.elf.dir/Core/Src/main.c.obj
                0x08000654                OLED_preFlash
 .text.OLED_flash
                0x0800067c       0x44 CMakeFiles/stm32Project.elf.dir/Core/Src/main.c.obj
                0x0800067c                OLED_flash
 .text.OLED_formatFlash
                0x080006c0       0x34 CMakeFiles/stm32Project.elf.dir/Core/Src/main.c.obj
                0x080006c0                OLED_formatFlash
 .text.OLED_infoFlash
                0x080006f4       0x3c CMakeFiles/stm32Project.elf.dir/Core/Src/main.c.obj
                0x080006f4                OLED_infoFlash
 .text.ReadStrUnit
                0x08000730       0x1c CMakeFiles/stm32Project.elf.dir/Core/Src/main.c.obj
                0x08000730                ReadStrUnit
 .text.GetSubStrPos
                0x0800074c       0x60 CMakeFiles/stm32Project.elf.dir/Core/Src/main.c.obj
                0x0800074c                GetSubStrPos
 .text.user_API
                0x080007ac      0x1d0 CMakeFiles/stm32Project.elf.dir/Core/Src/main.c.obj
                0x080007ac                user_API
 .text.Usart1_Handle
                0x0800097c       0x3c CMakeFiles/stm32Project.elf.dir/Core/Src/main.c.obj
                0x0800097c                Usart1_Handle
 .text.SystemClock_Config
                0x080009b8       0x54 CMakeFiles/stm32Project.elf.dir/Core/Src/main.c.obj
                0x080009b8                SystemClock_Config
 .text.main     0x08000a0c       0xbc CMakeFiles/stm32Project.elf.dir/Core/Src/main.c.obj
                0x08000a0c                main
 .text.Error_Handler
                0x08000ac8        0x4 CMakeFiles/stm32Project.elf.dir/Core/Src/main.c.obj
                0x08000ac8                Error_Handler
 .text.HAL_MspInit
                0x08000acc       0x44 CMakeFiles/stm32Project.elf.dir/Core/Src/stm32f1xx_hal_msp.c.obj
                0x08000acc                HAL_MspInit
 .text.NMI_Handler
                0x08000b10        0x4 CMakeFiles/stm32Project.elf.dir/Core/Src/stm32f1xx_it.c.obj
                0x08000b10                NMI_Handler
 .text.HardFault_Handler
                0x08000b14        0x4 CMakeFiles/stm32Project.elf.dir/Core/Src/stm32f1xx_it.c.obj
                0x08000b14                HardFault_Handler
 .text.MemManage_Handler
                0x08000b18        0x4 CMakeFiles/stm32Project.elf.dir/Core/Src/stm32f1xx_it.c.obj
                0x08000b18                MemManage_Handler
 .text.BusFault_Handler
                0x08000b1c        0x4 CMakeFiles/stm32Project.elf.dir/Core/Src/stm32f1xx_it.c.obj
                0x08000b1c                BusFault_Handler
 .text.UsageFault_Handler
                0x08000b20        0x4 CMakeFiles/stm32Project.elf.dir/Core/Src/stm32f1xx_it.c.obj
                0x08000b20                UsageFault_Handler
 .text.SVC_Handler
                0x08000b24        0x4 CMakeFiles/stm32Project.elf.dir/Core/Src/stm32f1xx_it.c.obj
                0x08000b24                SVC_Handler
 .text.DebugMon_Handler
                0x08000b28        0x4 CMakeFiles/stm32Project.elf.dir/Core/Src/stm32f1xx_it.c.obj
                0x08000b28                DebugMon_Handler
 .text.PendSV_Handler
                0x08000b2c        0x4 CMakeFiles/stm32Project.elf.dir/Core/Src/stm32f1xx_it.c.obj
                0x08000b2c                PendSV_Handler
 .text.SysTick_Handler
                0x08000b30        0x4 CMakeFiles/stm32Project.elf.dir/Core/Src/stm32f1xx_it.c.obj
                0x08000b30                SysTick_Handler
 .text.DMA1_Channel4_IRQHandler
                0x08000b34       0x10 CMakeFiles/stm32Project.elf.dir/Core/Src/stm32f1xx_it.c.obj
                0x08000b34                DMA1_Channel4_IRQHandler
 .text.DMA1_Channel5_IRQHandler
                0x08000b44       0x10 CMakeFiles/stm32Project.elf.dir/Core/Src/stm32f1xx_it.c.obj
                0x08000b44                DMA1_Channel5_IRQHandler
 .text.USART1_IRQHandler
                0x08000b54       0x14 CMakeFiles/stm32Project.elf.dir/Core/Src/stm32f1xx_it.c.obj
                0x08000b54                USART1_IRQHandler
 .text._read    0x08000b68       0x20 CMakeFiles/stm32Project.elf.dir/Core/Src/syscalls.c.obj
                0x08000b68                _read
 .text._write   0x08000b88       0x1c CMakeFiles/stm32Project.elf.dir/Core/Src/syscalls.c.obj
                0x08000b88                _write
 .text._sbrk    0x08000ba4       0x38 CMakeFiles/stm32Project.elf.dir/Core/Src/syscalls.c.obj
                0x08000ba4                _sbrk
 .text._close   0x08000bdc        0x8 CMakeFiles/stm32Project.elf.dir/Core/Src/syscalls.c.obj
                0x08000bdc                _close
 .text._fstat   0x08000be4        0xc CMakeFiles/stm32Project.elf.dir/Core/Src/syscalls.c.obj
                0x08000be4                _fstat
 .text._isatty  0x08000bf0        0x4 CMakeFiles/stm32Project.elf.dir/Core/Src/syscalls.c.obj
                0x08000bf0                _isatty
 .text._lseek   0x08000bf4        0x4 CMakeFiles/stm32Project.elf.dir/Core/Src/syscalls.c.obj
                0x08000bf4                _lseek
 .text.SystemInit
                0x08000bf8        0x4 CMakeFiles/stm32Project.elf.dir/Core/Src/system_stm32f1xx.c.obj
                0x08000bf8                SystemInit
 .text.MX_USART1_UART_Init
                0x08000bfc       0x34 CMakeFiles/stm32Project.elf.dir/Core/Src/usart.c.obj
                0x08000bfc                MX_USART1_UART_Init
 .text.HAL_UART_MspInit
                0x08000c30       0xe8 CMakeFiles/stm32Project.elf.dir/Core/Src/usart.c.obj
                0x08000c30                HAL_UART_MspInit
 .text.Usart1_IDLE
                0x08000d18       0x54 CMakeFiles/stm32Project.elf.dir/Core/Src/usart.c.obj
                0x08000d18                Usart1_IDLE
 .text.DMA_Usart1_Send
                0x08000d6c       0x18 CMakeFiles/stm32Project.elf.dir/Core/Src/usart.c.obj
                0x08000d6c                DMA_Usart1_Send
 .text.WriteCmd
                0x08000d84       0x38 CMakeFiles/stm32Project.elf.dir/Core/Src/user/oled.c.obj
                0x08000d84                WriteCmd
 .text.OLED_WR_CMD
                0x08000dbc       0x2c CMakeFiles/stm32Project.elf.dir/Core/Src/user/oled.c.obj
                0x08000dbc                OLED_WR_CMD
 .text.OLED_WR_DATA
                0x08000de8       0x2c CMakeFiles/stm32Project.elf.dir/Core/Src/user/oled.c.obj
                0x08000de8                OLED_WR_DATA
 .text.OLED_Init
                0x08000e14        0x8 CMakeFiles/stm32Project.elf.dir/Core/Src/user/oled.c.obj
                0x08000e14                OLED_Init
 .text.OLED_Clear
                0x08000e1c       0x3c CMakeFiles/stm32Project.elf.dir/Core/Src/user/oled.c.obj
                0x08000e1c                OLED_Clear
 .text.OLED_Set_Pos
                0x08000e58       0x20 CMakeFiles/stm32Project.elf.dir/Core/Src/user/oled.c.obj
                0x08000e58                OLED_Set_Pos
 .text.OLED_ShowChar
                0x08000e78       0x90 CMakeFiles/stm32Project.elf.dir/Core/Src/user/oled.c.obj
                0x08000e78                OLED_ShowChar
 .text.OLED_ShowString
                0x08000f08       0x38 CMakeFiles/stm32Project.elf.dir/Core/Src/user/oled.c.obj
                0x08000f08                OLED_ShowString
 .text.OLED_ShowString_cnt
                0x08000f40       0x3c CMakeFiles/stm32Project.elf.dir/Core/Src/user/oled.c.obj
                0x08000f40                OLED_ShowString_cnt
 .text.HAL_InitTick
                0x08000f7c       0x4c CMakeFiles/stm32Project.elf.dir/Drivers/STM32F1xx_HAL_Driver/Src/stm32f1xx_hal.c.obj
                0x08000f7c                HAL_InitTick
 .text.HAL_Init
                0x08000fc8       0x24 CMakeFiles/stm32Project.elf.dir/Drivers/STM32F1xx_HAL_Driver/Src/stm32f1xx_hal.c.obj
                0x08000fc8                HAL_Init
 .text.HAL_GetTick
                0x08000fec        0xc CMakeFiles/stm32Project.elf.dir/Drivers/STM32F1xx_HAL_Driver/Src/stm32f1xx_hal.c.obj
                0x08000fec                HAL_GetTick
 .text.HAL_NVIC_SetPriorityGrouping
                0x08000ff8       0x24 CMakeFiles/stm32Project.elf.dir/Drivers/STM32F1xx_HAL_Driver/Src/stm32f1xx_hal_cortex.c.obj
                0x08000ff8                HAL_NVIC_SetPriorityGrouping
 .text.HAL_NVIC_SetPriority
                0x0800101c       0x64 CMakeFiles/stm32Project.elf.dir/Drivers/STM32F1xx_HAL_Driver/Src/stm32f1xx_hal_cortex.c.obj
                0x0800101c                HAL_NVIC_SetPriority
 .text.HAL_NVIC_EnableIRQ
                0x08001080       0x1c CMakeFiles/stm32Project.elf.dir/Drivers/STM32F1xx_HAL_Driver/Src/stm32f1xx_hal_cortex.c.obj
                0x08001080                HAL_NVIC_EnableIRQ
 .text.HAL_SYSTICK_Config
                0x0800109c       0x2c CMakeFiles/stm32Project.elf.dir/Drivers/STM32F1xx_HAL_Driver/Src/stm32f1xx_hal_cortex.c.obj
                0x0800109c                HAL_SYSTICK_Config
 .text.DMA_SetConfig
                0x080010c8       0x2c CMakeFiles/stm32Project.elf.dir/Drivers/STM32F1xx_HAL_Driver/Src/stm32f1xx_hal_dma.c.obj
 .text.HAL_DMA_Init
                0x080010f4       0x9c CMakeFiles/stm32Project.elf.dir/Drivers/STM32F1xx_HAL_Driver/Src/stm32f1xx_hal_dma.c.obj
                0x080010f4                HAL_DMA_Init
 .text.HAL_DMA_Start_IT
                0x08001190       0x74 CMakeFiles/stm32Project.elf.dir/Drivers/STM32F1xx_HAL_Driver/Src/stm32f1xx_hal_dma.c.obj
                0x08001190                HAL_DMA_Start_IT
 .text.HAL_DMA_Abort
                0x08001204       0x44 CMakeFiles/stm32Project.elf.dir/Drivers/STM32F1xx_HAL_Driver/Src/stm32f1xx_hal_dma.c.obj
                0x08001204                HAL_DMA_Abort
 .text.HAL_DMA_Abort_IT
                0x08001248      0x168 CMakeFiles/stm32Project.elf.dir/Drivers/STM32F1xx_HAL_Driver/Src/stm32f1xx_hal_dma.c.obj
                0x08001248                HAL_DMA_Abort_IT
 .text.HAL_DMA_IRQHandler
                0x080013b0      0x2e4 CMakeFiles/stm32Project.elf.dir/Drivers/STM32F1xx_HAL_Driver/Src/stm32f1xx_hal_dma.c.obj
                0x080013b0                HAL_DMA_IRQHandler
 .text.HAL_GPIO_Init
                0x08001694      0x1f0 CMakeFiles/stm32Project.elf.dir/Drivers/STM32F1xx_HAL_Driver/Src/stm32f1xx_hal_gpio.c.obj
                0x08001694                HAL_GPIO_Init
 .text.HAL_GPIO_ReadPin
                0x08001884       0x10 CMakeFiles/stm32Project.elf.dir/Drivers/STM32F1xx_HAL_Driver/Src/stm32f1xx_hal_gpio.c.obj
                0x08001884                HAL_GPIO_ReadPin
 .text.HAL_GPIO_WritePin
                0x08001894        0xc CMakeFiles/stm32Project.elf.dir/Drivers/STM32F1xx_HAL_Driver/Src/stm32f1xx_hal_gpio.c.obj
                0x08001894                HAL_GPIO_WritePin
 .text.HAL_GPIO_TogglePin
                0x080018a0       0x10 CMakeFiles/stm32Project.elf.dir/Drivers/STM32F1xx_HAL_Driver/Src/stm32f1xx_hal_gpio.c.obj
                0x080018a0                HAL_GPIO_TogglePin
 .text.I2C_IsAcknowledgeFailed
                0x080018b0       0x34 CMakeFiles/stm32Project.elf.dir/Drivers/STM32F1xx_HAL_Driver/Src/stm32f1xx_hal_i2c.c.obj
 .text.I2C_WaitOnFlagUntilTimeout
                0x080018e4       0x70 CMakeFiles/stm32Project.elf.dir/Drivers/STM32F1xx_HAL_Driver/Src/stm32f1xx_hal_i2c.c.obj
 .text.I2C_WaitOnMasterAddressFlagUntilTimeout
                0x08001954       0xa8 CMakeFiles/stm32Project.elf.dir/Drivers/STM32F1xx_HAL_Driver/Src/stm32f1xx_hal_i2c.c.obj
 .text.I2C_WaitOnTXEFlagUntilTimeout
                0x080019fc       0x54 CMakeFiles/stm32Project.elf.dir/Drivers/STM32F1xx_HAL_Driver/Src/stm32f1xx_hal_i2c.c.obj
 .text.I2C_RequestMemoryWrite
                0x08001a50       0xd0 CMakeFiles/stm32Project.elf.dir/Drivers/STM32F1xx_HAL_Driver/Src/stm32f1xx_hal_i2c.c.obj
 .text.I2C_WaitOnBTFFlagUntilTimeout
                0x08001b20       0x54 CMakeFiles/stm32Project.elf.dir/Drivers/STM32F1xx_HAL_Driver/Src/stm32f1xx_hal_i2c.c.obj
 .text.HAL_I2C_Init
                0x08001b74      0x1a0 CMakeFiles/stm32Project.elf.dir/Drivers/STM32F1xx_HAL_Driver/Src/stm32f1xx_hal_i2c.c.obj
                0x08001b74                HAL_I2C_Init
 .text.HAL_I2C_Mem_Write
                0x08001d14      0x16c CMakeFiles/stm32Project.elf.dir/Drivers/STM32F1xx_HAL_Driver/Src/stm32f1xx_hal_i2c.c.obj
                0x08001d14                HAL_I2C_Mem_Write
 .text.RCC_Delay
                0x08001e80       0x2c CMakeFiles/stm32Project.elf.dir/Drivers/STM32F1xx_HAL_Driver/Src/stm32f1xx_hal_rcc.c.obj
 .text.HAL_RCC_OscConfig
                0x08001eac      0x434 CMakeFiles/stm32Project.elf.dir/Drivers/STM32F1xx_HAL_Driver/Src/stm32f1xx_hal_rcc.c.obj
                0x08001eac                HAL_RCC_OscConfig
 .text.HAL_RCC_GetSysClockFreq
                0x080022e0       0x70 CMakeFiles/stm32Project.elf.dir/Drivers/STM32F1xx_HAL_Driver/Src/stm32f1xx_hal_rcc.c.obj
                0x080022e0                HAL_RCC_GetSysClockFreq
 .text.HAL_RCC_ClockConfig
                0x08002350      0x170 CMakeFiles/stm32Project.elf.dir/Drivers/STM32F1xx_HAL_Driver/Src/stm32f1xx_hal_rcc.c.obj
                0x08002350                HAL_RCC_ClockConfig
 .text.HAL_RCC_GetHCLKFreq
                0x080024c0        0xc CMakeFiles/stm32Project.elf.dir/Drivers/STM32F1xx_HAL_Driver/Src/stm32f1xx_hal_rcc.c.obj
                0x080024c0                HAL_RCC_GetHCLKFreq
 .text.HAL_RCC_GetPCLK1Freq
                0x080024cc       0x20 CMakeFiles/stm32Project.elf.dir/Drivers/STM32F1xx_HAL_Driver/Src/stm32f1xx_hal_rcc.c.obj
                0x080024cc                HAL_RCC_GetPCLK1Freq
 .text.HAL_RCC_GetPCLK2Freq
                0x080024ec       0x20 CMakeFiles/stm32Project.elf.dir/Drivers/STM32F1xx_HAL_Driver/Src/stm32f1xx_hal_rcc.c.obj
                0x080024ec                HAL_RCC_GetPCLK2Freq
 .text.UART_EndTxTransfer
                0x0800250c       0x14 CMakeFiles/stm32Project.elf.dir/Drivers/STM32F1xx_HAL_Driver/Src/stm32f1xx_hal_uart.c.obj
 .text.UART_EndRxTransfer
                0x08002520       0x1c CMakeFiles/stm32Project.elf.dir/Drivers/STM32F1xx_HAL_Driver/Src/stm32f1xx_hal_uart.c.obj
 .text.UART_Transmit_IT
                0x0800253c       0x6c CMakeFiles/stm32Project.elf.dir/Drivers/STM32F1xx_HAL_Driver/Src/stm32f1xx_hal_uart.c.obj
 .text.UART_SetConfig
                0x080025a8       0xcc CMakeFiles/stm32Project.elf.dir/Drivers/STM32F1xx_HAL_Driver/Src/stm32f1xx_hal_uart.c.obj
 .text.HAL_UART_Init
                0x08002674       0x64 CMakeFiles/stm32Project.elf.dir/Drivers/STM32F1xx_HAL_Driver/Src/stm32f1xx_hal_uart.c.obj
                0x08002674                HAL_UART_Init
 .text.HAL_UART_Transmit_DMA
                0x080026d8       0x8c CMakeFiles/stm32Project.elf.dir/Drivers/STM32F1xx_HAL_Driver/Src/stm32f1xx_hal_uart.c.obj
                0x080026d8                HAL_UART_Transmit_DMA
 .text.HAL_UART_Receive_DMA
                0x08002764       0xa8 CMakeFiles/stm32Project.elf.dir/Drivers/STM32F1xx_HAL_Driver/Src/stm32f1xx_hal_uart.c.obj
                0x08002764                HAL_UART_Receive_DMA
 .text.HAL_UART_DMAStop
                0x0800280c       0x5c CMakeFiles/stm32Project.elf.dir/Drivers/STM32F1xx_HAL_Driver/Src/stm32f1xx_hal_uart.c.obj
                0x0800280c                HAL_UART_DMAStop
 .text.HAL_UART_TxCpltCallback
                0x08002868        0x4 CMakeFiles/stm32Project.elf.dir/Drivers/STM32F1xx_HAL_Driver/Src/stm32f1xx_hal_uart.c.obj
                0x08002868                HAL_UART_TxCpltCallback
 .text.UART_DMATransmitCplt
                0x0800286c       0x30 CMakeFiles/stm32Project.elf.dir/Drivers/STM32F1xx_HAL_Driver/Src/stm32f1xx_hal_uart.c.obj
 .text.UART_EndTransmit_IT
                0x0800289c       0x1c CMakeFiles/stm32Project.elf.dir/Drivers/STM32F1xx_HAL_Driver/Src/stm32f1xx_hal_uart.c.obj
 .text.HAL_UART_TxHalfCpltCallback
                0x080028b8        0x4 CMakeFiles/stm32Project.elf.dir/Drivers/STM32F1xx_HAL_Driver/Src/stm32f1xx_hal_uart.c.obj
                0x080028b8                HAL_UART_TxHalfCpltCallback
 .text.UART_DMATxHalfCplt
                0x080028bc        0xc CMakeFiles/stm32Project.elf.dir/Drivers/STM32F1xx_HAL_Driver/Src/stm32f1xx_hal_uart.c.obj
 .text.HAL_UART_RxCpltCallback
                0x080028c8        0x4 CMakeFiles/stm32Project.elf.dir/Drivers/STM32F1xx_HAL_Driver/Src/stm32f1xx_hal_uart.c.obj
                0x080028c8                HAL_UART_RxCpltCallback
 .text.UART_DMAReceiveCplt
                0x080028cc       0x40 CMakeFiles/stm32Project.elf.dir/Drivers/STM32F1xx_HAL_Driver/Src/stm32f1xx_hal_uart.c.obj
 .text.UART_Receive_IT
                0x0800290c       0xa0 CMakeFiles/stm32Project.elf.dir/Drivers/STM32F1xx_HAL_Driver/Src/stm32f1xx_hal_uart.c.obj
 .text.HAL_UART_RxHalfCpltCallback
                0x080029ac        0x4 CMakeFiles/stm32Project.elf.dir/Drivers/STM32F1xx_HAL_Driver/Src/stm32f1xx_hal_uart.c.obj
                0x080029ac                HAL_UART_RxHalfCpltCallback
 .text.UART_DMARxHalfCplt
                0x080029b0        0xc CMakeFiles/stm32Project.elf.dir/Drivers/STM32F1xx_HAL_Driver/Src/stm32f1xx_hal_uart.c.obj
 .text.HAL_UART_ErrorCallback
                0x080029bc        0x4 CMakeFiles/stm32Project.elf.dir/Drivers/STM32F1xx_HAL_Driver/Src/stm32f1xx_hal_uart.c.obj
                0x080029bc                HAL_UART_ErrorCallback
 .text.UART_DMAError
                0x080029c0       0x50 CMakeFiles/stm32Project.elf.dir/Drivers/STM32F1xx_HAL_Driver/Src/stm32f1xx_hal_uart.c.obj
 .text.HAL_UART_IRQHandler
                0x08002a10      0x11c CMakeFiles/stm32Project.elf.dir/Drivers/STM32F1xx_HAL_Driver/Src/stm32f1xx_hal_uart.c.obj
                0x08002a10                HAL_UART_IRQHandler
 .text.UART_DMAAbortOnError
                0x08002b2c       0x10 CMakeFiles/stm32Project.elf.dir/Drivers/STM32F1xx_HAL_Driver/Src/stm32f1xx_hal_uart.c.obj
 .text.Reset_Handler
                0x08002b3c       0x48 CMakeFiles/stm32Project.elf.dir/startup/startup_stm32f103xe.s.obj
                0x08002b3c                Reset_Handler
 .text.Default_Handler
                0x08002b84        0x2 CMakeFiles/stm32Project.elf.dir/startup/startup_stm32f103xe.s.obj
                0x08002b84                RTC_Alarm_IRQHandler
                0x08002b84                EXTI2_IRQHandler
                0x08002b84                TIM8_TRG_COM_IRQHandler
                0x08002b84                TIM8_CC_IRQHandler
                0x08002b84                TIM1_CC_IRQHandler
                0x08002b84                TIM6_IRQHandler
                0x08002b84                PVD_IRQHandler
                0x08002b84                SDIO_IRQHandler
                0x08002b84                EXTI3_IRQHandler
                0x08002b84                EXTI0_IRQHandler
                0x08002b84                I2C2_EV_IRQHandler
                0x08002b84                ADC1_2_IRQHandler
                0x08002b84                SPI1_IRQHandler
                0x08002b84                TAMPER_IRQHandler
                0x08002b84                TIM8_UP_IRQHandler
                0x08002b84                DMA2_Channel2_IRQHandler
                0x08002b84                USART3_IRQHandler
                0x08002b84                RTC_IRQHandler
                0x08002b84                DMA1_Channel7_IRQHandler
                0x08002b84                CAN1_RX1_IRQHandler
                0x08002b84                UART5_IRQHandler
                0x08002b84                ADC3_IRQHandler
                0x08002b84                TIM4_IRQHandler
                0x08002b84                DMA2_Channel1_IRQHandler
                0x08002b84                I2C1_EV_IRQHandler
                0x08002b84                DMA1_Channel6_IRQHandler
                0x08002b84                UART4_IRQHandler
                0x08002b84                TIM3_IRQHandler
                0x08002b84                RCC_IRQHandler
                0x08002b84                TIM1_TRG_COM_IRQHandler
                0x08002b84                DMA1_Channel1_IRQHandler
                0x08002b84                Default_Handler
                0x08002b84                EXTI15_10_IRQHandler
                0x08002b84                TIM7_IRQHandler
                0x08002b84                TIM5_IRQHandler
                0x08002b84                EXTI9_5_IRQHandler
                0x08002b84                SPI2_IRQHandler
                0x08002b84                EXTI4_IRQHandler
                0x08002b84                USB_LP_CAN1_RX0_IRQHandler
                0x08002b84                USB_HP_CAN1_TX_IRQHandler
                0x08002b84                DMA1_Channel3_IRQHandler
                0x08002b84                FSMC_IRQHandler
                0x08002b84                TIM1_UP_IRQHandler
                0x08002b84                WWDG_IRQHandler
                0x08002b84                TIM2_IRQHandler
                0x08002b84                TIM1_BRK_IRQHandler
                0x08002b84                EXTI1_IRQHandler
                0x08002b84                DMA2_Channel4_5_IRQHandler
                0x08002b84                USART2_IRQHandler
                0x08002b84                I2C2_ER_IRQHandler
                0x08002b84                DMA1_Channel2_IRQHandler
                0x08002b84                TIM8_BRK_IRQHandler
                0x08002b84                CAN1_SCE_IRQHandler
                0x08002b84                FLASH_IRQHandler
                0x08002b84                SPI3_IRQHandler
                0x08002b84                I2C1_ER_IRQHandler
                0x08002b84                USBWakeUp_IRQHandler
                0x08002b84                DMA2_Channel3_IRQHandler
 *fill*         0x08002b86        0x2 
 .text.__errno  0x08002b88        0xc c:/progra~2/gnutoo~1/50a5a~1.420/bin/../lib/gcc/arm-none-eabi/5.4.1/../../../../arm-none-eabi/lib/armv7-m\libg.a(lib_a-errno.o)
                0x08002b88                __errno
 .text.__libc_init_array
                0x08002b94       0x50 c:/progra~2/gnutoo~1/50a5a~1.420/bin/../lib/gcc/arm-none-eabi/5.4.1/../../../../arm-none-eabi/lib/armv7-m\libg.a(lib_a-init.o)
                0x08002b94                __libc_init_array
 .text.memset   0x08002be4       0x9c c:/progra~2/gnutoo~1/50a5a~1.420/bin/../lib/gcc/arm-none-eabi/5.4.1/../../../../arm-none-eabi/lib/armv7-m\libg.a(lib_a-memset.o)
                0x08002be4                memset
 .text._puts_r  0x08002c80       0x68 c:/progra~2/gnutoo~1/50a5a~1.420/bin/../lib/gcc/arm-none-eabi/5.4.1/../../../../arm-none-eabi/lib/armv7-m\libg.a(lib_a-puts.o)
                0x08002c80                _puts_r
 .text.puts     0x08002ce8       0x10 c:/progra~2/gnutoo~1/50a5a~1.420/bin/../lib/gcc/arm-none-eabi/5.4.1/../../../../arm-none-eabi/lib/armv7-m\libg.a(lib_a-puts.o)
                0x08002ce8                puts
 .text.strlen   0x08002cf8       0x5c c:/progra~2/gnutoo~1/50a5a~1.420/bin/../lib/gcc/arm-none-eabi/5.4.1/../../../../arm-none-eabi/lib/armv7-m\libg.a(lib_a-strlen-stub.o)
                0x08002cf8                strlen
 .text.startup.register_fini
                0x08002d54       0x14 c:/progra~2/gnutoo~1/50a5a~1.420/bin/../lib/gcc/arm-none-eabi/5.4.1/../../../../arm-none-eabi/lib/armv7-m\libg.a(lib_a-__call_atexit.o)
 .text.atexit   0x08002d68        0xc c:/progra~2/gnutoo~1/50a5a~1.420/bin/../lib/gcc/arm-none-eabi/5.4.1/../../../../arm-none-eabi/lib/armv7-m\libg.a(lib_a-atexit.o)
                0x08002d68                atexit
 .text._cleanup_r
                0x08002d74        0xc c:/progra~2/gnutoo~1/50a5a~1.420/bin/../lib/gcc/arm-none-eabi/5.4.1/../../../../arm-none-eabi/lib/armv7-m\libg.a(lib_a-findfp.o)
                0x08002d74                _cleanup_r
 .text.__sinit.part.1
                0x08002d80       0xf0 c:/progra~2/gnutoo~1/50a5a~1.420/bin/../lib/gcc/arm-none-eabi/5.4.1/../../../../arm-none-eabi/lib/armv7-m\libg.a(lib_a-findfp.o)
 .text.__sinit  0x08002e70        0xc c:/progra~2/gnutoo~1/50a5a~1.420/bin/../lib/gcc/arm-none-eabi/5.4.1/../../../../arm-none-eabi/lib/armv7-m\libg.a(lib_a-findfp.o)
                0x08002e70                __sinit
 .text.__sfp_lock_acquire
                0x08002e7c        0x4 c:/progra~2/gnutoo~1/50a5a~1.420/bin/../lib/gcc/arm-none-eabi/5.4.1/../../../../arm-none-eabi/lib/armv7-m\libg.a(lib_a-findfp.o)
                0x08002e7c                __sfp_lock_acquire
 .text.__sfp_lock_release
                0x08002e80        0x4 c:/progra~2/gnutoo~1/50a5a~1.420/bin/../lib/gcc/arm-none-eabi/5.4.1/../../../../arm-none-eabi/lib/armv7-m\libg.a(lib_a-findfp.o)
                0x08002e80                __sfp_lock_release
 .text.__libc_fini_array
                0x08002e84       0x28 c:/progra~2/gnutoo~1/50a5a~1.420/bin/../lib/gcc/arm-none-eabi/5.4.1/../../../../arm-none-eabi/lib/armv7-m\libg.a(lib_a-fini.o)
                0x08002e84                __libc_fini_array
 .text.__sfvwrite_r
                0x08002eac      0x308 c:/progra~2/gnutoo~1/50a5a~1.420/bin/../lib/gcc/arm-none-eabi/5.4.1/../../../../arm-none-eabi/lib/armv7-m\libg.a(lib_a-fvwrite.o)
                0x08002eac                __sfvwrite_r
 .text._fwalk_reent
                0x080031b4       0x50 c:/progra~2/gnutoo~1/50a5a~1.420/bin/../lib/gcc/arm-none-eabi/5.4.1/../../../../arm-none-eabi/lib/armv7-m\libg.a(lib_a-fwalk.o)
                0x080031b4                _fwalk_reent
 .text._malloc_r
                0x08003204      0x558 c:/progra~2/gnutoo~1/50a5a~1.420/bin/../lib/gcc/arm-none-eabi/5.4.1/../../../../arm-none-eabi/lib/armv7-m\libg.a(lib_a-mallocr.o)
                0x08003204                _malloc_r
 .text.memchr   0x0800375c       0x8c c:/progra~2/gnutoo~1/50a5a~1.420/bin/../lib/gcc/arm-none-eabi/5.4.1/../../../../arm-none-eabi/lib/armv7-m\libg.a(lib_a-memchr-stub.o)
                0x0800375c                memchr
 .text.memmove  0x080037e8       0xc8 c:/progra~2/gnutoo~1/50a5a~1.420/bin/../lib/gcc/arm-none-eabi/5.4.1/../../../../arm-none-eabi/lib/armv7-m\libg.a(lib_a-memmove.o)
                0x080037e8                memmove
 .text.__malloc_lock
                0x080038b0        0x4 c:/progra~2/gnutoo~1/50a5a~1.420/bin/../lib/gcc/arm-none-eabi/5.4.1/../../../../arm-none-eabi/lib/armv7-m\libg.a(lib_a-mlock.o)
                0x080038b0                __malloc_lock
 .text.__malloc_unlock
                0x080038b4        0x4 c:/progra~2/gnutoo~1/50a5a~1.420/bin/../lib/gcc/arm-none-eabi/5.4.1/../../../../arm-none-eabi/lib/armv7-m\libg.a(lib_a-mlock.o)
                0x080038b4                __malloc_unlock
 .text._realloc_r
                0x080038b8      0x3d4 c:/progra~2/gnutoo~1/50a5a~1.420/bin/../lib/gcc/arm-none-eabi/5.4.1/../../../../arm-none-eabi/lib/armv7-m\libg.a(lib_a-reallocr.o)
                0x080038b8                _realloc_r
 .text._sbrk_r  0x08003c8c       0x24 c:/progra~2/gnutoo~1/50a5a~1.420/bin/../lib/gcc/arm-none-eabi/5.4.1/../../../../arm-none-eabi/lib/armv7-m\libg.a(lib_a-sbrkr.o)
                0x08003c8c                _sbrk_r
 .text.__sread  0x08003cb0       0x24 c:/progra~2/gnutoo~1/50a5a~1.420/bin/../lib/gcc/arm-none-eabi/5.4.1/../../../../arm-none-eabi/lib/armv7-m\libg.a(lib_a-stdio.o)
                0x08003cb0                __sread
 .text.__swrite
                0x08003cd4       0x3c c:/progra~2/gnutoo~1/50a5a~1.420/bin/../lib/gcc/arm-none-eabi/5.4.1/../../../../arm-none-eabi/lib/armv7-m\libg.a(lib_a-stdio.o)
                0x08003cd4                __swrite
 .text.__sseek  0x08003d10       0x20 c:/progra~2/gnutoo~1/50a5a~1.420/bin/../lib/gcc/arm-none-eabi/5.4.1/../../../../arm-none-eabi/lib/armv7-m\libg.a(lib_a-stdio.o)
                0x08003d10                __sseek
 .text.__sclose
                0x08003d30        0x8 c:/progra~2/gnutoo~1/50a5a~1.420/bin/../lib/gcc/arm-none-eabi/5.4.1/../../../../arm-none-eabi/lib/armv7-m\libg.a(lib_a-stdio.o)
                0x08003d30                __sclose
 .text._write_r
                0x08003d38       0x2c c:/progra~2/gnutoo~1/50a5a~1.420/bin/../lib/gcc/arm-none-eabi/5.4.1/../../../../arm-none-eabi/lib/armv7-m\libg.a(lib_a-writer.o)
                0x08003d38                _write_r
 .text.__swsetup_r
                0x08003d64       0xc8 c:/progra~2/gnutoo~1/50a5a~1.420/bin/../lib/gcc/arm-none-eabi/5.4.1/../../../../arm-none-eabi/lib/armv7-m\libg.a(lib_a-wsetup.o)
                0x08003d64                __swsetup_r
 .text.__register_exitproc
                0x08003e2c       0xa4 c:/progra~2/gnutoo~1/50a5a~1.420/bin/../lib/gcc/arm-none-eabi/5.4.1/../../../../arm-none-eabi/lib/armv7-m\libg.a(lib_a-__atexit.o)
                0x08003e2c                __register_exitproc
 .text._close_r
                0x08003ed0       0x24 c:/progra~2/gnutoo~1/50a5a~1.420/bin/../lib/gcc/arm-none-eabi/5.4.1/../../../../arm-none-eabi/lib/armv7-m\libg.a(lib_a-closer.o)
                0x08003ed0                _close_r
 .text._fclose_r
                0x08003ef4       0x84 c:/progra~2/gnutoo~1/50a5a~1.420/bin/../lib/gcc/arm-none-eabi/5.4.1/../../../../arm-none-eabi/lib/armv7-m\libg.a(lib_a-fclose.o)
                0x08003ef4                _fclose_r
 .text.__sflush_r
                0x08003f78      0x148 c:/progra~2/gnutoo~1/50a5a~1.420/bin/../lib/gcc/arm-none-eabi/5.4.1/../../../../arm-none-eabi/lib/armv7-m\libg.a(lib_a-fflush.o)
                0x08003f78                __sflush_r
 .text._fflush_r
                0x080040c0       0x2c c:/progra~2/gnutoo~1/50a5a~1.420/bin/../lib/gcc/arm-none-eabi/5.4.1/../../../../arm-none-eabi/lib/armv7-m\libg.a(lib_a-fflush.o)
                0x080040c0                _fflush_r
 .text._malloc_trim_r
                0x080040ec       0x9c c:/progra~2/gnutoo~1/50a5a~1.420/bin/../lib/gcc/arm-none-eabi/5.4.1/../../../../arm-none-eabi/lib/armv7-m\libg.a(lib_a-freer.o)
                0x080040ec                _malloc_trim_r
 .text._free_r  0x08004188      0x1d0 c:/progra~2/gnutoo~1/50a5a~1.420/bin/../lib/gcc/arm-none-eabi/5.4.1/../../../../arm-none-eabi/lib/armv7-m\libg.a(lib_a-freer.o)
                0x08004188                _free_r
 .text._lseek_r
                0x08004358       0x2c c:/progra~2/gnutoo~1/50a5a~1.420/bin/../lib/gcc/arm-none-eabi/5.4.1/../../../../arm-none-eabi/lib/armv7-m\libg.a(lib_a-lseekr.o)
                0x08004358                _lseek_r
 .text.__swhatbuf_r
                0x08004384       0x60 c:/progra~2/gnutoo~1/50a5a~1.420/bin/../lib/gcc/arm-none-eabi/5.4.1/../../../../arm-none-eabi/lib/armv7-m\libg.a(lib_a-makebuf.o)
                0x08004384                __swhatbuf_r
 .text.__smakebuf_r
                0x080043e4       0x88 c:/progra~2/gnutoo~1/50a5a~1.420/bin/../lib/gcc/arm-none-eabi/5.4.1/../../../../arm-none-eabi/lib/armv7-m\libg.a(lib_a-makebuf.o)
                0x080043e4                __smakebuf_r
 .text._read_r  0x0800446c       0x2c c:/progra~2/gnutoo~1/50a5a~1.420/bin/../lib/gcc/arm-none-eabi/5.4.1/../../../../arm-none-eabi/lib/armv7-m\libg.a(lib_a-readr.o)
                0x0800446c                _read_r
 .text._fstat_r
                0x08004498       0x28 c:/progra~2/gnutoo~1/50a5a~1.420/bin/../lib/gcc/arm-none-eabi/5.4.1/../../../../arm-none-eabi/lib/armv7-m\libg.a(lib_a-fstatr.o)
                0x08004498                _fstat_r
 .text._isatty_r
                0x080044c0       0x24 c:/progra~2/gnutoo~1/50a5a~1.420/bin/../lib/gcc/arm-none-eabi/5.4.1/../../../../arm-none-eabi/lib/armv7-m\libg.a(lib_a-isattyr.o)
                0x080044c0                _isatty_r
 *(.glue_7)
 .glue_7        0x080044e4        0x0 linker stubs
 *(.glue_7t)
 .glue_7t       0x080044e4        0x0 linker stubs
 *(.eh_frame)
 .eh_frame      0x080044e4        0x0 c:/progra~2/gnutoo~1/50a5a~1.420/bin/../lib/gcc/arm-none-eabi/5.4.1/armv7-m/crtbegin.o
 *(.init)
 .init          0x080044e4        0x4 c:/progra~2/gnutoo~1/50a5a~1.420/bin/../lib/gcc/arm-none-eabi/5.4.1/armv7-m/crti.o
                0x080044e4                _init
 .init          0x080044e8        0x8 c:/progra~2/gnutoo~1/50a5a~1.420/bin/../lib/gcc/arm-none-eabi/5.4.1/armv7-m/crtn.o
 *(.fini)
 .fini          0x080044f0        0x4 c:/progra~2/gnutoo~1/50a5a~1.420/bin/../lib/gcc/arm-none-eabi/5.4.1/armv7-m/crti.o
                0x080044f0                _fini
 .fini          0x080044f4        0x8 c:/progra~2/gnutoo~1/50a5a~1.420/bin/../lib/gcc/arm-none-eabi/5.4.1/armv7-m/crtn.o
                0x080044fc                . = ALIGN (0x4)
                0x080044fc                _etext = .

.vfp11_veneer   0x080044fc        0x0
 .vfp11_veneer  0x080044fc        0x0 linker stubs

.v4_bx          0x080044fc        0x0
 .v4_bx         0x080044fc        0x0 linker stubs

.iplt           0x080044fc        0x0
 .iplt          0x080044fc        0x0 c:/progra~2/gnutoo~1/50a5a~1.420/bin/../lib/gcc/arm-none-eabi/5.4.1/armv7-m/crtbegin.o

.rodata         0x080044fc      0x8ec
                0x080044fc                . = ALIGN (0x4)
 *(.rodata)
 .rodata        0x080044fc       0x12 CMakeFiles/stm32Project.elf.dir/Drivers/STM32F1xx_HAL_Driver/Src/stm32f1xx_hal_rcc.c.obj
 *(.rodata*)
 *fill*         0x0800450e        0x2 
 .rodata.str1.4
                0x08004510       0xb1 CMakeFiles/stm32Project.elf.dir/Core/Src/main.c.obj
 *fill*         0x080045c1        0x3 
 .rodata.AHBPrescTable
                0x080045c4       0x10 CMakeFiles/stm32Project.elf.dir/Core/Src/system_stm32f1xx.c.obj
                0x080045c4                AHBPrescTable
 .rodata.APBPrescTable
                0x080045d4        0x8 CMakeFiles/stm32Project.elf.dir/Core/Src/system_stm32f1xx.c.obj
                0x080045d4                APBPrescTable
 .rodata.F8X16  0x080045dc      0x5e0 CMakeFiles/stm32Project.elf.dir/Core/Src/user/oled.c.obj
                0x080045dc                F8X16
 .rodata.F6x8   0x08004bbc      0x228 CMakeFiles/stm32Project.elf.dir/Core/Src/user/oled.c.obj
                0x08004bbc                F6x8
 .rodata._global_impure_ptr
                0x08004de4        0x4 c:/progra~2/gnutoo~1/50a5a~1.420/bin/../lib/gcc/arm-none-eabi/5.4.1/../../../../arm-none-eabi/lib/armv7-m\libg.a(lib_a-impure.o)
                0x08004de4                _global_impure_ptr
 .rodata.str1.4
                0x08004de8       0xb4 c:/progra~2/gnutoo~1/50a5a~1.420/bin/../lib/gcc/arm-none-eabi/5.4.1/../../../../arm-none-eabi/lib/armv7-m\libg.a(lib_a-puts.o)
                                  0x2 (size before relaxing)
                0x08004e9c                . = ALIGN (0x4)

.rel.dyn        0x08004de8        0x0
 .rel.iplt      0x08004de8        0x0 c:/progra~2/gnutoo~1/50a5a~1.420/bin/../lib/gcc/arm-none-eabi/5.4.1/armv7-m/crtbegin.o

.ARM.extab
 *(.ARM.extab* .gnu.linkonce.armextab.*)

.ARM            0x08004de8        0x0
                0x08004de8                __exidx_start = .
 *(.ARM.exidx*)
                0x08004de8                __exidx_end = .

.preinit_array  0x08004de8        0x0
                0x08004de8                PROVIDE (__preinit_array_start, .)
 *(.preinit_array*)
                0x08004de8                PROVIDE (__preinit_array_end, .)

.init_array     0x08004de8        0x8
                0x08004de8                PROVIDE (__init_array_start, .)
 *(SORT(.init_array.*))
 .init_array.00000
                0x08004de8        0x4 c:/progra~2/gnutoo~1/50a5a~1.420/bin/../lib/gcc/arm-none-eabi/5.4.1/../../../../arm-none-eabi/lib/armv7-m\libg.a(lib_a-__call_atexit.o)
 *(.init_array*)
 .init_array    0x08004dec        0x4 c:/progra~2/gnutoo~1/50a5a~1.420/bin/../lib/gcc/arm-none-eabi/5.4.1/armv7-m/crtbegin.o
                0x08004df0                PROVIDE (__init_array_end, .)

.fini_array     0x08004df0        0x4
                0x08004df0                PROVIDE (__fini_array_start, .)
 *(SORT(.fini_array.*))
 *(.fini_array*)
 .fini_array    0x08004df0        0x4 c:/progra~2/gnutoo~1/50a5a~1.420/bin/../lib/gcc/arm-none-eabi/5.4.1/armv7-m/crtbegin.o
                0x08004df4                PROVIDE (__fini_array_end, .)
                0x08004df4                _sidata = LOADADDR (.data)

.data           0x20000000      0x87c load address 0x08004df4
                0x20000000                . = ALIGN (0x4)
                0x20000000                _sdata = .
 *(.data)
 *(.data*)
 .data.ipaddr   0x20000000        0xf CMakeFiles/stm32Project.elf.dir/Core/Src/main.c.obj
                0x20000000                ipaddr
 .data.str_pos  0x2000000f        0x1 CMakeFiles/stm32Project.elf.dir/Core/Src/main.c.obj
                0x2000000f                str_pos
 .data.line_num
                0x20000010        0x1 CMakeFiles/stm32Project.elf.dir/Core/Src/main.c.obj
                0x20000010                line_num
 *fill*         0x20000011        0x3 
 .data.SystemCoreClock
                0x20000014        0x4 CMakeFiles/stm32Project.elf.dir/Core/Src/system_stm32f1xx.c.obj
                0x20000014                SystemCoreClock
 .data.CMD_Data
                0x20000018       0x1b CMakeFiles/stm32Project.elf.dir/Core/Src/user/oled.c.obj
                0x20000018                CMD_Data
 *fill*         0x20000033        0x1 
 .data.uwTickPrio
                0x20000034        0x4 CMakeFiles/stm32Project.elf.dir/Drivers/STM32F1xx_HAL_Driver/Src/stm32f1xx_hal.c.obj
                0x20000034                uwTickPrio
 .data.uwTickFreq
                0x20000038        0x1 CMakeFiles/stm32Project.elf.dir/Drivers/STM32F1xx_HAL_Driver/Src/stm32f1xx_hal.c.obj
                0x20000038                uwTickFreq
 *fill*         0x20000039        0x7 
 .data.impure_data
                0x20000040      0x428 c:/progra~2/gnutoo~1/50a5a~1.420/bin/../lib/gcc/arm-none-eabi/5.4.1/../../../../arm-none-eabi/lib/armv7-m\libg.a(lib_a-impure.o)
 .data._impure_ptr
                0x20000468        0x4 c:/progra~2/gnutoo~1/50a5a~1.420/bin/../lib/gcc/arm-none-eabi/5.4.1/../../../../arm-none-eabi/lib/armv7-m\libg.a(lib_a-impure.o)
                0x20000468                _impure_ptr
 .data.__malloc_av_
                0x2000046c      0x408 c:/progra~2/gnutoo~1/50a5a~1.420/bin/../lib/gcc/arm-none-eabi/5.4.1/../../../../arm-none-eabi/lib/armv7-m\libg.a(lib_a-mallocr.o)
                0x2000046c                __malloc_av_
 .data.__malloc_trim_threshold
                0x20000874        0x4 c:/progra~2/gnutoo~1/50a5a~1.420/bin/../lib/gcc/arm-none-eabi/5.4.1/../../../../arm-none-eabi/lib/armv7-m\libg.a(lib_a-mallocr.o)
                0x20000874                __malloc_trim_threshold
 .data.__malloc_sbrk_base
                0x20000878        0x4 c:/progra~2/gnutoo~1/50a5a~1.420/bin/../lib/gcc/arm-none-eabi/5.4.1/../../../../arm-none-eabi/lib/armv7-m\libg.a(lib_a-mallocr.o)
                0x20000878                __malloc_sbrk_base
                0x2000087c                . = ALIGN (0x4)
                0x2000087c                _edata = .

.jcr            0x2000087c        0x0 load address 0x08005670
 .jcr           0x2000087c        0x0 c:/progra~2/gnutoo~1/50a5a~1.420/bin/../lib/gcc/arm-none-eabi/5.4.1/armv7-m/crtbegin.o

.igot.plt       0x2000087c        0x0 load address 0x08005670
 .igot.plt      0x2000087c        0x0 c:/progra~2/gnutoo~1/50a5a~1.420/bin/../lib/gcc/arm-none-eabi/5.4.1/armv7-m/crtbegin.o
                0x2000087c                . = ALIGN (0x4)

.bss            0x2000087c      0x248 load address 0x08005670
                0x2000087c                _sbss = .
                0x2000087c                __bss_start__ = _sbss
 *(.bss)
 .bss           0x2000087c       0x1c c:/progra~2/gnutoo~1/50a5a~1.420/bin/../lib/gcc/arm-none-eabi/5.4.1/armv7-m/crtbegin.o
 *(.bss*)
 .bss.hi2c2     0x20000898       0x54 CMakeFiles/stm32Project.elf.dir/Core/Src/i2c.c.obj
                0x20000898                hi2c2
 .bss.temp_str  0x200008ec       0x64 CMakeFiles/stm32Project.elf.dir/Core/Src/main.c.obj
                0x200008ec                temp_str
 .bss.flag      0x20000950        0x1 CMakeFiles/stm32Project.elf.dir/Core/Src/main.c.obj
                0x20000950                flag
 *fill*         0x20000951        0x3 
 .bss.heap_end.5927
                0x20000954        0x4 CMakeFiles/stm32Project.elf.dir/Core/Src/syscalls.c.obj
 .bss.hdma_usart1_tx
                0x20000958       0x44 CMakeFiles/stm32Project.elf.dir/Core/Src/usart.c.obj
                0x20000958                hdma_usart1_tx
 .bss.rec1_end_flag
                0x2000099c        0x1 CMakeFiles/stm32Project.elf.dir/Core/Src/usart.c.obj
                0x2000099c                rec1_end_flag
 .bss.rx1_len   0x2000099d        0x1 CMakeFiles/stm32Project.elf.dir/Core/Src/usart.c.obj
                0x2000099d                rx1_len
 *fill*         0x2000099e        0x2 
 .bss.rx1_buffer
                0x200009a0       0x64 CMakeFiles/stm32Project.elf.dir/Core/Src/usart.c.obj
                0x200009a0                rx1_buffer
 .bss.hdma_usart1_rx
                0x20000a04       0x44 CMakeFiles/stm32Project.elf.dir/Core/Src/usart.c.obj
                0x20000a04                hdma_usart1_rx
 .bss.huart1    0x20000a48       0x40 CMakeFiles/stm32Project.elf.dir/Core/Src/usart.c.obj
                0x20000a48                huart1
 .bss.uwTick    0x20000a88        0x4 CMakeFiles/stm32Project.elf.dir/Drivers/STM32F1xx_HAL_Driver/Src/stm32f1xx_hal.c.obj
                0x20000a88                uwTick
 .bss.__malloc_max_total_mem
                0x20000a8c        0x4 c:/progra~2/gnutoo~1/50a5a~1.420/bin/../lib/gcc/arm-none-eabi/5.4.1/../../../../arm-none-eabi/lib/armv7-m\libg.a(lib_a-mallocr.o)
                0x20000a8c                __malloc_max_total_mem
 .bss.__malloc_max_sbrked_mem
                0x20000a90        0x4 c:/progra~2/gnutoo~1/50a5a~1.420/bin/../lib/gcc/arm-none-eabi/5.4.1/../../../../arm-none-eabi/lib/armv7-m\libg.a(lib_a-mallocr.o)
                0x20000a90                __malloc_max_sbrked_mem
 .bss.__malloc_top_pad
                0x20000a94        0x4 c:/progra~2/gnutoo~1/50a5a~1.420/bin/../lib/gcc/arm-none-eabi/5.4.1/../../../../arm-none-eabi/lib/armv7-m\libg.a(lib_a-mallocr.o)
                0x20000a94                __malloc_top_pad
 .bss.__malloc_current_mallinfo
                0x20000a98       0x28 c:/progra~2/gnutoo~1/50a5a~1.420/bin/../lib/gcc/arm-none-eabi/5.4.1/../../../../arm-none-eabi/lib/armv7-m\libg.a(lib_a-mallocr.o)
                0x20000a98                __malloc_current_mallinfo
 *(COMMON)
 COMMON         0x20000ac0        0x4 c:/progra~2/gnutoo~1/50a5a~1.420/bin/../lib/gcc/arm-none-eabi/5.4.1/../../../../arm-none-eabi/lib/armv7-m\libg.a(lib_a-reent.o)
                0x20000ac0                errno
                0x20000ac4                . = ALIGN (0x4)
                0x20000ac4                _ebss = .
                0x20000ac4                __bss_end__ = _ebss

._user_heap_stack
                0x20000ac4      0x604 load address 0x08005670
                0x20000ac8                . = ALIGN (0x8)
 *fill*         0x20000ac4        0x4 
                0x20000ac8                PROVIDE (end, .)
                [!provide]                PROVIDE (_end, .)
                0x20000cc8                . = (. + _Min_Heap_Size)
 *fill*         0x20000ac8      0x200 
                0x200010c8                . = (. + _Min_Stack_Size)
 *fill*         0x20000cc8      0x400 
                0x200010c8                . = ALIGN (0x8)

/DISCARD/
 libc.a(*)
 libm.a(*)
 libgcc.a(*)

.ARM.attributes
                0x00000000       0x29
 *(.ARM.attributes)
 .ARM.attributes
                0x00000000       0x1d c:/progra~2/gnutoo~1/50a5a~1.420/bin/../lib/gcc/arm-none-eabi/5.4.1/armv7-m/crti.o
 .ARM.attributes
                0x0000001d       0x2d c:/progra~2/gnutoo~1/50a5a~1.420/bin/../lib/gcc/arm-none-eabi/5.4.1/armv7-m/crtbegin.o
 .ARM.attributes
                0x0000004a       0x33 CMakeFiles/stm32Project.elf.dir/Core/Src/dma.c.obj
 .ARM.attributes
                0x0000007d       0x33 CMakeFiles/stm32Project.elf.dir/Core/Src/gpio.c.obj
 .ARM.attributes
                0x000000b0       0x33 CMakeFiles/stm32Project.elf.dir/Core/Src/i2c.c.obj
 .ARM.attributes
                0x000000e3       0x33 CMakeFiles/stm32Project.elf.dir/Core/Src/main.c.obj
 .ARM.attributes
                0x00000116       0x33 CMakeFiles/stm32Project.elf.dir/Core/Src/stm32f1xx_hal_msp.c.obj
 .ARM.attributes
                0x00000149       0x33 CMakeFiles/stm32Project.elf.dir/Core/Src/stm32f1xx_it.c.obj
 .ARM.attributes
                0x0000017c       0x33 CMakeFiles/stm32Project.elf.dir/Core/Src/syscalls.c.obj
 .ARM.attributes
                0x000001af       0x33 CMakeFiles/stm32Project.elf.dir/Core/Src/system_stm32f1xx.c.obj
 .ARM.attributes
                0x000001e2       0x33 CMakeFiles/stm32Project.elf.dir/Core/Src/usart.c.obj
 .ARM.attributes
                0x00000215       0x33 CMakeFiles/stm32Project.elf.dir/Core/Src/user/oled.c.obj
 .ARM.attributes
                0x00000248       0x33 CMakeFiles/stm32Project.elf.dir/Drivers/STM32F1xx_HAL_Driver/Src/stm32f1xx_hal.c.obj
 .ARM.attributes
                0x0000027b       0x33 CMakeFiles/stm32Project.elf.dir/Drivers/STM32F1xx_HAL_Driver/Src/stm32f1xx_hal_cortex.c.obj
 .ARM.attributes
                0x000002ae       0x33 CMakeFiles/stm32Project.elf.dir/Drivers/STM32F1xx_HAL_Driver/Src/stm32f1xx_hal_dma.c.obj
 .ARM.attributes
                0x000002e1       0x33 CMakeFiles/stm32Project.elf.dir/Drivers/STM32F1xx_HAL_Driver/Src/stm32f1xx_hal_gpio.c.obj
 .ARM.attributes
                0x00000314       0x33 CMakeFiles/stm32Project.elf.dir/Drivers/STM32F1xx_HAL_Driver/Src/stm32f1xx_hal_i2c.c.obj
 .ARM.attributes
                0x00000347       0x33 CMakeFiles/stm32Project.elf.dir/Drivers/STM32F1xx_HAL_Driver/Src/stm32f1xx_hal_rcc.c.obj
 .ARM.attributes
                0x0000037a       0x33 CMakeFiles/stm32Project.elf.dir/Drivers/STM32F1xx_HAL_Driver/Src/stm32f1xx_hal_uart.c.obj
 .ARM.attributes
                0x000003ad       0x21 CMakeFiles/stm32Project.elf.dir/startup/startup_stm32f103xe.s.obj
 .ARM.attributes
                0x000003ce       0x2d c:/progra~2/gnutoo~1/50a5a~1.420/bin/../lib/gcc/arm-none-eabi/5.4.1/../../../../arm-none-eabi/lib/armv7-m\libg.a(lib_a-errno.o)
 .ARM.attributes
                0x000003fb       0x2d c:/progra~2/gnutoo~1/50a5a~1.420/bin/../lib/gcc/arm-none-eabi/5.4.1/../../../../arm-none-eabi/lib/armv7-m\libg.a(lib_a-impure.o)
 .ARM.attributes
                0x00000428       0x2d c:/progra~2/gnutoo~1/50a5a~1.420/bin/../lib/gcc/arm-none-eabi/5.4.1/../../../../arm-none-eabi/lib/armv7-m\libg.a(lib_a-init.o)
 .ARM.attributes
                0x00000455       0x2d c:/progra~2/gnutoo~1/50a5a~1.420/bin/../lib/gcc/arm-none-eabi/5.4.1/../../../../arm-none-eabi/lib/armv7-m\libg.a(lib_a-memset.o)
 .ARM.attributes
                0x00000482       0x2d c:/progra~2/gnutoo~1/50a5a~1.420/bin/../lib/gcc/arm-none-eabi/5.4.1/../../../../arm-none-eabi/lib/armv7-m\libg.a(lib_a-puts.o)
 .ARM.attributes
                0x000004af       0x1b c:/progra~2/gnutoo~1/50a5a~1.420/bin/../lib/gcc/arm-none-eabi/5.4.1/../../../../arm-none-eabi/lib/armv7-m\libg.a(lib_a-strcmp.o)
 .ARM.attributes
                0x000004ca       0x2d c:/progra~2/gnutoo~1/50a5a~1.420/bin/../lib/gcc/arm-none-eabi/5.4.1/../../../../arm-none-eabi/lib/armv7-m\libg.a(lib_a-strlen-stub.o)
 .ARM.attributes
                0x000004f7       0x2d c:/progra~2/gnutoo~1/50a5a~1.420/bin/../lib/gcc/arm-none-eabi/5.4.1/../../../../arm-none-eabi/lib/armv7-m\libg.a(lib_a-__call_atexit.o)
 .ARM.attributes
                0x00000524       0x2d c:/progra~2/gnutoo~1/50a5a~1.420/bin/../lib/gcc/arm-none-eabi/5.4.1/../../../../arm-none-eabi/lib/armv7-m\libg.a(lib_a-atexit.o)
 .ARM.attributes
                0x00000551       0x2d c:/progra~2/gnutoo~1/50a5a~1.420/bin/../lib/gcc/arm-none-eabi/5.4.1/../../../../arm-none-eabi/lib/armv7-m\libg.a(lib_a-findfp.o)
 .ARM.attributes
                0x0000057e       0x2d c:/progra~2/gnutoo~1/50a5a~1.420/bin/../lib/gcc/arm-none-eabi/5.4.1/../../../../arm-none-eabi/lib/armv7-m\libg.a(lib_a-fini.o)
 .ARM.attributes
                0x000005ab       0x2d c:/progra~2/gnutoo~1/50a5a~1.420/bin/../lib/gcc/arm-none-eabi/5.4.1/../../../../arm-none-eabi/lib/armv7-m\libg.a(lib_a-fvwrite.o)
 .ARM.attributes
                0x000005d8       0x2d c:/progra~2/gnutoo~1/50a5a~1.420/bin/../lib/gcc/arm-none-eabi/5.4.1/../../../../arm-none-eabi/lib/armv7-m\libg.a(lib_a-fwalk.o)
 .ARM.attributes
                0x00000605       0x2d c:/progra~2/gnutoo~1/50a5a~1.420/bin/../lib/gcc/arm-none-eabi/5.4.1/../../../../arm-none-eabi/lib/armv7-m\libg.a(lib_a-mallocr.o)
 .ARM.attributes
                0x00000632       0x2d c:/progra~2/gnutoo~1/50a5a~1.420/bin/../lib/gcc/arm-none-eabi/5.4.1/../../../../arm-none-eabi/lib/armv7-m\libg.a(lib_a-memchr-stub.o)
 .ARM.attributes
                0x0000065f       0x1b c:/progra~2/gnutoo~1/50a5a~1.420/bin/../lib/gcc/arm-none-eabi/5.4.1/../../../../arm-none-eabi/lib/armv7-m\libg.a(lib_a-memcpy.o)
 .ARM.attributes
                0x0000067a       0x2d c:/progra~2/gnutoo~1/50a5a~1.420/bin/../lib/gcc/arm-none-eabi/5.4.1/../../../../arm-none-eabi/lib/armv7-m\libg.a(lib_a-memmove.o)
 .ARM.attributes
                0x000006a7       0x2d c:/progra~2/gnutoo~1/50a5a~1.420/bin/../lib/gcc/arm-none-eabi/5.4.1/../../../../arm-none-eabi/lib/armv7-m\libg.a(lib_a-mlock.o)
 .ARM.attributes
                0x000006d4       0x2d c:/progra~2/gnutoo~1/50a5a~1.420/bin/../lib/gcc/arm-none-eabi/5.4.1/../../../../arm-none-eabi/lib/armv7-m\libg.a(lib_a-reallocr.o)
 .ARM.attributes
                0x00000701       0x2d c:/progra~2/gnutoo~1/50a5a~1.420/bin/../lib/gcc/arm-none-eabi/5.4.1/../../../../arm-none-eabi/lib/armv7-m\libg.a(lib_a-sbrkr.o)
 .ARM.attributes
                0x0000072e       0x2d c:/progra~2/gnutoo~1/50a5a~1.420/bin/../lib/gcc/arm-none-eabi/5.4.1/../../../../arm-none-eabi/lib/armv7-m\libg.a(lib_a-stdio.o)
 .ARM.attributes
                0x0000075b       0x2d c:/progra~2/gnutoo~1/50a5a~1.420/bin/../lib/gcc/arm-none-eabi/5.4.1/../../../../arm-none-eabi/lib/armv7-m\libg.a(lib_a-writer.o)
 .ARM.attributes
                0x00000788       0x2d c:/progra~2/gnutoo~1/50a5a~1.420/bin/../lib/gcc/arm-none-eabi/5.4.1/../../../../arm-none-eabi/lib/armv7-m\libg.a(lib_a-wsetup.o)
 .ARM.attributes
                0x000007b5       0x2d c:/progra~2/gnutoo~1/50a5a~1.420/bin/../lib/gcc/arm-none-eabi/5.4.1/../../../../arm-none-eabi/lib/armv7-m\libg.a(lib_a-__atexit.o)
 .ARM.attributes
                0x000007e2       0x2d c:/progra~2/gnutoo~1/50a5a~1.420/bin/../lib/gcc/arm-none-eabi/5.4.1/../../../../arm-none-eabi/lib/armv7-m\libg.a(lib_a-closer.o)
 .ARM.attributes
                0x0000080f       0x2d c:/progra~2/gnutoo~1/50a5a~1.420/bin/../lib/gcc/arm-none-eabi/5.4.1/../../../../arm-none-eabi/lib/armv7-m\libg.a(lib_a-fclose.o)
 .ARM.attributes
                0x0000083c       0x2d c:/progra~2/gnutoo~1/50a5a~1.420/bin/../lib/gcc/arm-none-eabi/5.4.1/../../../../arm-none-eabi/lib/armv7-m\libg.a(lib_a-fflush.o)
 .ARM.attributes
                0x00000869       0x2d c:/progra~2/gnutoo~1/50a5a~1.420/bin/../lib/gcc/arm-none-eabi/5.4.1/../../../../arm-none-eabi/lib/armv7-m\libg.a(lib_a-freer.o)
 .ARM.attributes
                0x00000896       0x2d c:/progra~2/gnutoo~1/50a5a~1.420/bin/../lib/gcc/arm-none-eabi/5.4.1/../../../../arm-none-eabi/lib/armv7-m\libg.a(lib_a-lseekr.o)
 .ARM.attributes
                0x000008c3       0x2d c:/progra~2/gnutoo~1/50a5a~1.420/bin/../lib/gcc/arm-none-eabi/5.4.1/../../../../arm-none-eabi/lib/armv7-m\libg.a(lib_a-makebuf.o)
 .ARM.attributes
                0x000008f0       0x2d c:/progra~2/gnutoo~1/50a5a~1.420/bin/../lib/gcc/arm-none-eabi/5.4.1/../../../../arm-none-eabi/lib/armv7-m\libg.a(lib_a-readr.o)
 .ARM.attributes
                0x0000091d       0x2d c:/progra~2/gnutoo~1/50a5a~1.420/bin/../lib/gcc/arm-none-eabi/5.4.1/../../../../arm-none-eabi/lib/armv7-m\libg.a(lib_a-reent.o)
 .ARM.attributes
                0x0000094a       0x2d c:/progra~2/gnutoo~1/50a5a~1.420/bin/../lib/gcc/arm-none-eabi/5.4.1/../../../../arm-none-eabi/lib/armv7-m\libg.a(lib_a-fstatr.o)
 .ARM.attributes
                0x00000977       0x2d c:/progra~2/gnutoo~1/50a5a~1.420/bin/../lib/gcc/arm-none-eabi/5.4.1/../../../../arm-none-eabi/lib/armv7-m\libg.a(lib_a-isattyr.o)
 .ARM.attributes
                0x000009a4       0x1d c:/progra~2/gnutoo~1/50a5a~1.420/bin/../lib/gcc/arm-none-eabi/5.4.1/armv7-m/crtn.o
OUTPUT(stm32Project.elf elf32-littlearm)

.debug_info     0x00000000     0xc83a
 .debug_info    0x00000000      0x3a0 CMakeFiles/stm32Project.elf.dir/Core/Src/dma.c.obj
 .debug_info    0x000003a0      0x313 CMakeFiles/stm32Project.elf.dir/Core/Src/gpio.c.obj
 .debug_info    0x000006b3      0x83a CMakeFiles/stm32Project.elf.dir/Core/Src/i2c.c.obj
 .debug_info    0x00000eed     0x10b5 CMakeFiles/stm32Project.elf.dir/Core/Src/main.c.obj
 .debug_info    0x00001fa2      0x220 CMakeFiles/stm32Project.elf.dir/Core/Src/stm32f1xx_hal_msp.c.obj
 .debug_info    0x000021c2      0x630 CMakeFiles/stm32Project.elf.dir/Core/Src/stm32f1xx_it.c.obj
 .debug_info    0x000027f2      0x76b CMakeFiles/stm32Project.elf.dir/Core/Src/syscalls.c.obj
 .debug_info    0x00002f5d      0x234 CMakeFiles/stm32Project.elf.dir/Core/Src/system_stm32f1xx.c.obj
 .debug_info    0x00003191     0x13f1 CMakeFiles/stm32Project.elf.dir/Core/Src/usart.c.obj
 .debug_info    0x00004582      0xd61 CMakeFiles/stm32Project.elf.dir/Core/Src/user/oled.c.obj
 .debug_info    0x000052e3      0x7a2 CMakeFiles/stm32Project.elf.dir/Drivers/STM32F1xx_HAL_Driver/Src/stm32f1xx_hal.c.obj
 .debug_info    0x00005a85      0xc95 CMakeFiles/stm32Project.elf.dir/Drivers/STM32F1xx_HAL_Driver/Src/stm32f1xx_hal_cortex.c.obj
 .debug_info    0x0000671a      0x7b3 CMakeFiles/stm32Project.elf.dir/Drivers/STM32F1xx_HAL_Driver/Src/stm32f1xx_hal_dma.c.obj
 .debug_info    0x00006ecd      0x5de CMakeFiles/stm32Project.elf.dir/Drivers/STM32F1xx_HAL_Driver/Src/stm32f1xx_hal_gpio.c.obj
 .debug_info    0x000074ab     0x32fc CMakeFiles/stm32Project.elf.dir/Drivers/STM32F1xx_HAL_Driver/Src/stm32f1xx_hal_i2c.c.obj
 .debug_info    0x0000a7a7      0x9a9 CMakeFiles/stm32Project.elf.dir/Drivers/STM32F1xx_HAL_Driver/Src/stm32f1xx_hal_rcc.c.obj
 .debug_info    0x0000b150     0x1602 CMakeFiles/stm32Project.elf.dir/Drivers/STM32F1xx_HAL_Driver/Src/stm32f1xx_hal_uart.c.obj
 .debug_info    0x0000c752       0xe8 CMakeFiles/stm32Project.elf.dir/startup/startup_stm32f103xe.s.obj

.debug_abbrev   0x00000000     0x1f99
 .debug_abbrev  0x00000000      0x10f CMakeFiles/stm32Project.elf.dir/Core/Src/dma.c.obj
 .debug_abbrev  0x0000010f      0x131 CMakeFiles/stm32Project.elf.dir/Core/Src/gpio.c.obj
 .debug_abbrev  0x00000240      0x19c CMakeFiles/stm32Project.elf.dir/Core/Src/i2c.c.obj
 .debug_abbrev  0x000003dc      0x2ba CMakeFiles/stm32Project.elf.dir/Core/Src/main.c.obj
 .debug_abbrev  0x00000696       0xd4 CMakeFiles/stm32Project.elf.dir/Core/Src/stm32f1xx_hal_msp.c.obj
 .debug_abbrev  0x0000076a      0x175 CMakeFiles/stm32Project.elf.dir/Core/Src/stm32f1xx_it.c.obj
 .debug_abbrev  0x000008df      0x19e CMakeFiles/stm32Project.elf.dir/Core/Src/syscalls.c.obj
 .debug_abbrev  0x00000a7d      0x120 CMakeFiles/stm32Project.elf.dir/Core/Src/system_stm32f1xx.c.obj
 .debug_abbrev  0x00000b9d      0x2ac CMakeFiles/stm32Project.elf.dir/Core/Src/usart.c.obj
 .debug_abbrev  0x00000e49      0x1fe CMakeFiles/stm32Project.elf.dir/Core/Src/user/oled.c.obj
 .debug_abbrev  0x00001047      0x1d8 CMakeFiles/stm32Project.elf.dir/Drivers/STM32F1xx_HAL_Driver/Src/stm32f1xx_hal.c.obj
 .debug_abbrev  0x0000121f      0x2d4 CMakeFiles/stm32Project.elf.dir/Drivers/STM32F1xx_HAL_Driver/Src/stm32f1xx_hal_cortex.c.obj
 .debug_abbrev  0x000014f3      0x1fc CMakeFiles/stm32Project.elf.dir/Drivers/STM32F1xx_HAL_Driver/Src/stm32f1xx_hal_dma.c.obj
 .debug_abbrev  0x000016ef      0x1bf CMakeFiles/stm32Project.elf.dir/Drivers/STM32F1xx_HAL_Driver/Src/stm32f1xx_hal_gpio.c.obj
 .debug_abbrev  0x000018ae      0x25b CMakeFiles/stm32Project.elf.dir/Drivers/STM32F1xx_HAL_Driver/Src/stm32f1xx_hal_i2c.c.obj
 .debug_abbrev  0x00001b09      0x250 CMakeFiles/stm32Project.elf.dir/Drivers/STM32F1xx_HAL_Driver/Src/stm32f1xx_hal_rcc.c.obj
 .debug_abbrev  0x00001d59      0x22e CMakeFiles/stm32Project.elf.dir/Drivers/STM32F1xx_HAL_Driver/Src/stm32f1xx_hal_uart.c.obj
 .debug_abbrev  0x00001f87       0x12 CMakeFiles/stm32Project.elf.dir/startup/startup_stm32f103xe.s.obj

.debug_aranges  0x00000000      0xa90
 .debug_aranges
                0x00000000       0x20 CMakeFiles/stm32Project.elf.dir/Core/Src/dma.c.obj
 .debug_aranges
                0x00000020       0x20 CMakeFiles/stm32Project.elf.dir/Core/Src/gpio.c.obj
 .debug_aranges
                0x00000040       0x30 CMakeFiles/stm32Project.elf.dir/Core/Src/i2c.c.obj
 .debug_aranges
                0x00000070       0x70 CMakeFiles/stm32Project.elf.dir/Core/Src/main.c.obj
 .debug_aranges
                0x000000e0       0x20 CMakeFiles/stm32Project.elf.dir/Core/Src/stm32f1xx_hal_msp.c.obj
 .debug_aranges
                0x00000100       0x78 CMakeFiles/stm32Project.elf.dir/Core/Src/stm32f1xx_it.c.obj
 .debug_aranges
                0x00000178       0xb0 CMakeFiles/stm32Project.elf.dir/Core/Src/syscalls.c.obj
 .debug_aranges
                0x00000228       0x28 CMakeFiles/stm32Project.elf.dir/Core/Src/system_stm32f1xx.c.obj
 .debug_aranges
                0x00000250       0x50 CMakeFiles/stm32Project.elf.dir/Core/Src/usart.c.obj
 .debug_aranges
                0x000002a0       0x90 CMakeFiles/stm32Project.elf.dir/Core/Src/user/oled.c.obj
 .debug_aranges
                0x00000330       0xe0 CMakeFiles/stm32Project.elf.dir/Drivers/STM32F1xx_HAL_Driver/Src/stm32f1xx_hal.c.obj
 .debug_aranges
                0x00000410       0x90 CMakeFiles/stm32Project.elf.dir/Drivers/STM32F1xx_HAL_Driver/Src/stm32f1xx_hal_cortex.c.obj
 .debug_aranges
                0x000004a0       0x80 CMakeFiles/stm32Project.elf.dir/Drivers/STM32F1xx_HAL_Driver/Src/stm32f1xx_hal_dma.c.obj
 .debug_aranges
                0x00000520       0x58 CMakeFiles/stm32Project.elf.dir/Drivers/STM32F1xx_HAL_Driver/Src/stm32f1xx_hal_gpio.c.obj
 .debug_aranges
                0x00000578      0x290 CMakeFiles/stm32Project.elf.dir/Drivers/STM32F1xx_HAL_Driver/Src/stm32f1xx_hal_i2c.c.obj
 .debug_aranges
                0x00000808       0x90 CMakeFiles/stm32Project.elf.dir/Drivers/STM32F1xx_HAL_Driver/Src/stm32f1xx_hal_rcc.c.obj
 .debug_aranges
                0x00000898      0x1d0 CMakeFiles/stm32Project.elf.dir/Drivers/STM32F1xx_HAL_Driver/Src/stm32f1xx_hal_uart.c.obj
 .debug_aranges
                0x00000a68       0x28 CMakeFiles/stm32Project.elf.dir/startup/startup_stm32f103xe.s.obj

.debug_ranges   0x00000000      0x9a8
 .debug_ranges  0x00000000       0x10 CMakeFiles/stm32Project.elf.dir/Core/Src/dma.c.obj
 .debug_ranges  0x00000010       0x10 CMakeFiles/stm32Project.elf.dir/Core/Src/gpio.c.obj
 .debug_ranges  0x00000020       0x20 CMakeFiles/stm32Project.elf.dir/Core/Src/i2c.c.obj
 .debug_ranges  0x00000040       0x78 CMakeFiles/stm32Project.elf.dir/Core/Src/main.c.obj
 .debug_ranges  0x000000b8       0x10 CMakeFiles/stm32Project.elf.dir/Core/Src/stm32f1xx_hal_msp.c.obj
 .debug_ranges  0x000000c8       0x68 CMakeFiles/stm32Project.elf.dir/Core/Src/stm32f1xx_it.c.obj
 .debug_ranges  0x00000130       0xa0 CMakeFiles/stm32Project.elf.dir/Core/Src/syscalls.c.obj
 .debug_ranges  0x000001d0       0x18 CMakeFiles/stm32Project.elf.dir/Core/Src/system_stm32f1xx.c.obj
 .debug_ranges  0x000001e8       0x40 CMakeFiles/stm32Project.elf.dir/Core/Src/usart.c.obj
 .debug_ranges  0x00000228       0x80 CMakeFiles/stm32Project.elf.dir/Core/Src/user/oled.c.obj
 .debug_ranges  0x000002a8       0xd0 CMakeFiles/stm32Project.elf.dir/Drivers/STM32F1xx_HAL_Driver/Src/stm32f1xx_hal.c.obj
 .debug_ranges  0x00000378       0x80 CMakeFiles/stm32Project.elf.dir/Drivers/STM32F1xx_HAL_Driver/Src/stm32f1xx_hal_cortex.c.obj
 .debug_ranges  0x000003f8       0x70 CMakeFiles/stm32Project.elf.dir/Drivers/STM32F1xx_HAL_Driver/Src/stm32f1xx_hal_dma.c.obj
 .debug_ranges  0x00000468       0x48 CMakeFiles/stm32Project.elf.dir/Drivers/STM32F1xx_HAL_Driver/Src/stm32f1xx_hal_gpio.c.obj
 .debug_ranges  0x000004b0      0x280 CMakeFiles/stm32Project.elf.dir/Drivers/STM32F1xx_HAL_Driver/Src/stm32f1xx_hal_i2c.c.obj
 .debug_ranges  0x00000730       0x98 CMakeFiles/stm32Project.elf.dir/Drivers/STM32F1xx_HAL_Driver/Src/stm32f1xx_hal_rcc.c.obj
 .debug_ranges  0x000007c8      0x1c0 CMakeFiles/stm32Project.elf.dir/Drivers/STM32F1xx_HAL_Driver/Src/stm32f1xx_hal_uart.c.obj
 .debug_ranges  0x00000988       0x20 CMakeFiles/stm32Project.elf.dir/startup/startup_stm32f103xe.s.obj

.debug_line     0x00000000     0x634a
 .debug_line    0x00000000      0x2a1 CMakeFiles/stm32Project.elf.dir/Core/Src/dma.c.obj
 .debug_line    0x000002a1      0x2a9 CMakeFiles/stm32Project.elf.dir/Core/Src/gpio.c.obj
 .debug_line    0x0000054a      0x373 CMakeFiles/stm32Project.elf.dir/Core/Src/i2c.c.obj
 .debug_line    0x000008bd      0x5b4 CMakeFiles/stm32Project.elf.dir/Core/Src/main.c.obj
 .debug_line    0x00000e71      0x229 CMakeFiles/stm32Project.elf.dir/Core/Src/stm32f1xx_hal_msp.c.obj
 .debug_line    0x0000109a      0x3e4 CMakeFiles/stm32Project.elf.dir/Core/Src/stm32f1xx_it.c.obj
 .debug_line    0x0000147e      0x2cd CMakeFiles/stm32Project.elf.dir/Core/Src/syscalls.c.obj
 .debug_line    0x0000174b      0x25a CMakeFiles/stm32Project.elf.dir/Core/Src/system_stm32f1xx.c.obj
 .debug_line    0x000019a5      0x4c1 CMakeFiles/stm32Project.elf.dir/Core/Src/usart.c.obj
 .debug_line    0x00001e66      0x52d CMakeFiles/stm32Project.elf.dir/Core/Src/user/oled.c.obj
 .debug_line    0x00002393      0x4c1 CMakeFiles/stm32Project.elf.dir/Drivers/STM32F1xx_HAL_Driver/Src/stm32f1xx_hal.c.obj
 .debug_line    0x00002854      0x3ec CMakeFiles/stm32Project.elf.dir/Drivers/STM32F1xx_HAL_Driver/Src/stm32f1xx_hal_cortex.c.obj
 .debug_line    0x00002c40      0x8a0 CMakeFiles/stm32Project.elf.dir/Drivers/STM32F1xx_HAL_Driver/Src/stm32f1xx_hal_dma.c.obj
 .debug_line    0x000034e0      0x44e CMakeFiles/stm32Project.elf.dir/Drivers/STM32F1xx_HAL_Driver/Src/stm32f1xx_hal_gpio.c.obj
 .debug_line    0x0000392e     0x1773 CMakeFiles/stm32Project.elf.dir/Drivers/STM32F1xx_HAL_Driver/Src/stm32f1xx_hal_i2c.c.obj
 .debug_line    0x000050a1      0x627 CMakeFiles/stm32Project.elf.dir/Drivers/STM32F1xx_HAL_Driver/Src/stm32f1xx_hal_rcc.c.obj
 .debug_line    0x000056c8      0xbbe CMakeFiles/stm32Project.elf.dir/Drivers/STM32F1xx_HAL_Driver/Src/stm32f1xx_hal_uart.c.obj
 .debug_line    0x00006286       0xc4 CMakeFiles/stm32Project.elf.dir/startup/startup_stm32f103xe.s.obj

.debug_str      0x00000000     0x36ae
 .debug_str     0x00000000      0x5de CMakeFiles/stm32Project.elf.dir/Core/Src/dma.c.obj
                                0x623 (size before relaxing)
 .debug_str     0x000005de       0xeb CMakeFiles/stm32Project.elf.dir/Core/Src/gpio.c.obj
                                0x2dc (size before relaxing)
 .debug_str     0x000006c9      0x4f7 CMakeFiles/stm32Project.elf.dir/Core/Src/i2c.c.obj
                                0x7a7 (size before relaxing)
 .debug_str     0x00000bc0      0x540 CMakeFiles/stm32Project.elf.dir/Core/Src/main.c.obj
                                0x9aa (size before relaxing)
 .debug_str     0x00001100       0xa1 CMakeFiles/stm32Project.elf.dir/Core/Src/stm32f1xx_hal_msp.c.obj
                                0x27e (size before relaxing)
 .debug_str     0x000011a1      0x187 CMakeFiles/stm32Project.elf.dir/Core/Src/stm32f1xx_it.c.obj
                                0x733 (size before relaxing)
 .debug_str     0x00001328      0x278 CMakeFiles/stm32Project.elf.dir/Core/Src/syscalls.c.obj
                                0x4b5 (size before relaxing)
 .debug_str     0x000015a0       0xc5 CMakeFiles/stm32Project.elf.dir/Core/Src/system_stm32f1xx.c.obj
                                0x2b3 (size before relaxing)
 .debug_str     0x00001665      0x492 CMakeFiles/stm32Project.elf.dir/Core/Src/usart.c.obj
                                0xfb8 (size before relaxing)
 .debug_str     0x00001af7      0x12f CMakeFiles/stm32Project.elf.dir/Core/Src/user/oled.c.obj
                                0x7a6 (size before relaxing)
 .debug_str     0x00001c26      0x34f CMakeFiles/stm32Project.elf.dir/Drivers/STM32F1xx_HAL_Driver/Src/stm32f1xx_hal.c.obj
                                0x95a (size before relaxing)
 .debug_str     0x00001f75      0x3db CMakeFiles/stm32Project.elf.dir/Drivers/STM32F1xx_HAL_Driver/Src/stm32f1xx_hal_cortex.c.obj
                                0xa04 (size before relaxing)
 .debug_str     0x00002350      0x257 CMakeFiles/stm32Project.elf.dir/Drivers/STM32F1xx_HAL_Driver/Src/stm32f1xx_hal_dma.c.obj
                                0x65c (size before relaxing)
 .debug_str     0x000025a7      0x138 CMakeFiles/stm32Project.elf.dir/Drivers/STM32F1xx_HAL_Driver/Src/stm32f1xx_hal_gpio.c.obj
                                0x45f (size before relaxing)
 .debug_str     0x000026df      0x8b8 CMakeFiles/stm32Project.elf.dir/Drivers/STM32F1xx_HAL_Driver/Src/stm32f1xx_hal_i2c.c.obj
                                0xfe4 (size before relaxing)
 .debug_str     0x00002f97      0x21b CMakeFiles/stm32Project.elf.dir/Drivers/STM32F1xx_HAL_Driver/Src/stm32f1xx_hal_rcc.c.obj
                                0x68a (size before relaxing)
 .debug_str     0x000031b2      0x4fc CMakeFiles/stm32Project.elf.dir/Drivers/STM32F1xx_HAL_Driver/Src/stm32f1xx_hal_uart.c.obj
                                0xbea (size before relaxing)

.comment        0x00000000       0x6e
 .comment       0x00000000       0x6e CMakeFiles/stm32Project.elf.dir/Core/Src/dma.c.obj
                                 0x6f (size before relaxing)
 .comment       0x0000006e       0x6f CMakeFiles/stm32Project.elf.dir/Core/Src/gpio.c.obj
 .comment       0x0000006e       0x6f CMakeFiles/stm32Project.elf.dir/Core/Src/i2c.c.obj
 .comment       0x0000006e       0x6f CMakeFiles/stm32Project.elf.dir/Core/Src/main.c.obj
 .comment       0x0000006e       0x6f CMakeFiles/stm32Project.elf.dir/Core/Src/stm32f1xx_hal_msp.c.obj
 .comment       0x0000006e       0x6f CMakeFiles/stm32Project.elf.dir/Core/Src/stm32f1xx_it.c.obj
 .comment       0x0000006e       0x6f CMakeFiles/stm32Project.elf.dir/Core/Src/syscalls.c.obj
 .comment       0x0000006e       0x6f CMakeFiles/stm32Project.elf.dir/Core/Src/system_stm32f1xx.c.obj
 .comment       0x0000006e       0x6f CMakeFiles/stm32Project.elf.dir/Core/Src/usart.c.obj
 .comment       0x0000006e       0x6f CMakeFiles/stm32Project.elf.dir/Core/Src/user/oled.c.obj
 .comment       0x0000006e       0x6f CMakeFiles/stm32Project.elf.dir/Drivers/STM32F1xx_HAL_Driver/Src/stm32f1xx_hal.c.obj
 .comment       0x0000006e       0x6f CMakeFiles/stm32Project.elf.dir/Drivers/STM32F1xx_HAL_Driver/Src/stm32f1xx_hal_cortex.c.obj
 .comment       0x0000006e       0x6f CMakeFiles/stm32Project.elf.dir/Drivers/STM32F1xx_HAL_Driver/Src/stm32f1xx_hal_dma.c.obj
 .comment       0x0000006e       0x6f CMakeFiles/stm32Project.elf.dir/Drivers/STM32F1xx_HAL_Driver/Src/stm32f1xx_hal_gpio.c.obj
 .comment       0x0000006e       0x6f CMakeFiles/stm32Project.elf.dir/Drivers/STM32F1xx_HAL_Driver/Src/stm32f1xx_hal_i2c.c.obj
 .comment       0x0000006e       0x6f CMakeFiles/stm32Project.elf.dir/Drivers/STM32F1xx_HAL_Driver/Src/stm32f1xx_hal_rcc.c.obj
 .comment       0x0000006e       0x6f CMakeFiles/stm32Project.elf.dir/Drivers/STM32F1xx_HAL_Driver/Src/stm32f1xx_hal_uart.c.obj

.debug_frame    0x00000000     0x2480
 .debug_frame   0x00000000       0x2c CMakeFiles/stm32Project.elf.dir/Core/Src/dma.c.obj
 .debug_frame   0x0000002c       0x30 CMakeFiles/stm32Project.elf.dir/Core/Src/gpio.c.obj
 .debug_frame   0x0000005c       0x64 CMakeFiles/stm32Project.elf.dir/Core/Src/i2c.c.obj
 .debug_frame   0x000000c0      0x14c CMakeFiles/stm32Project.elf.dir/Core/Src/main.c.obj
 .debug_frame   0x0000020c       0x28 CMakeFiles/stm32Project.elf.dir/Core/Src/stm32f1xx_hal_msp.c.obj
 .debug_frame   0x00000234       0xe8 CMakeFiles/stm32Project.elf.dir/Core/Src/stm32f1xx_it.c.obj
 .debug_frame   0x0000031c      0x1ac CMakeFiles/stm32Project.elf.dir/Core/Src/syscalls.c.obj
 .debug_frame   0x000004c8       0x30 CMakeFiles/stm32Project.elf.dir/Core/Src/system_stm32f1xx.c.obj
 .debug_frame   0x000004f8       0xc0 CMakeFiles/stm32Project.elf.dir/Core/Src/usart.c.obj
 .debug_frame   0x000005b8      0x1b8 CMakeFiles/stm32Project.elf.dir/Core/Src/user/oled.c.obj
 .debug_frame   0x00000770      0x1d8 CMakeFiles/stm32Project.elf.dir/Drivers/STM32F1xx_HAL_Driver/Src/stm32f1xx_hal.c.obj
 .debug_frame   0x00000948      0x124 CMakeFiles/stm32Project.elf.dir/Drivers/STM32F1xx_HAL_Driver/Src/stm32f1xx_hal_cortex.c.obj
 .debug_frame   0x00000a6c      0x140 CMakeFiles/stm32Project.elf.dir/Drivers/STM32F1xx_HAL_Driver/Src/stm32f1xx_hal_dma.c.obj
 .debug_frame   0x00000bac       0xc4 CMakeFiles/stm32Project.elf.dir/Drivers/STM32F1xx_HAL_Driver/Src/stm32f1xx_hal_gpio.c.obj
 .debug_frame   0x00000c70      0x8bc CMakeFiles/stm32Project.elf.dir/Drivers/STM32F1xx_HAL_Driver/Src/stm32f1xx_hal_i2c.c.obj
 .debug_frame   0x0000152c      0x198 CMakeFiles/stm32Project.elf.dir/Drivers/STM32F1xx_HAL_Driver/Src/stm32f1xx_hal_rcc.c.obj
 .debug_frame   0x000016c4      0x4dc CMakeFiles/stm32Project.elf.dir/Drivers/STM32F1xx_HAL_Driver/Src/stm32f1xx_hal_uart.c.obj
 .debug_frame   0x00001ba0       0x20 c:/progra~2/gnutoo~1/50a5a~1.420/bin/../lib/gcc/arm-none-eabi/5.4.1/../../../../arm-none-eabi/lib/armv7-m\libg.a(lib_a-errno.o)
 .debug_frame   0x00001bc0       0x2c c:/progra~2/gnutoo~1/50a5a~1.420/bin/../lib/gcc/arm-none-eabi/5.4.1/../../../../arm-none-eabi/lib/armv7-m\libg.a(lib_a-init.o)
 .debug_frame   0x00001bec       0x34 c:/progra~2/gnutoo~1/50a5a~1.420/bin/../lib/gcc/arm-none-eabi/5.4.1/../../../../arm-none-eabi/lib/armv7-m\libg.a(lib_a-memset.o)
 .debug_frame   0x00001c20       0x48 c:/progra~2/gnutoo~1/50a5a~1.420/bin/../lib/gcc/arm-none-eabi/5.4.1/../../../../arm-none-eabi/lib/armv7-m\libg.a(lib_a-puts.o)
 .debug_frame   0x00001c68       0x34 c:/progra~2/gnutoo~1/50a5a~1.420/bin/../lib/gcc/arm-none-eabi/5.4.1/../../../../arm-none-eabi/lib/armv7-m\libg.a(lib_a-strcmp.o)
 .debug_frame   0x00001c9c       0x20 c:/progra~2/gnutoo~1/50a5a~1.420/bin/../lib/gcc/arm-none-eabi/5.4.1/../../../../arm-none-eabi/lib/armv7-m\libg.a(lib_a-strlen-stub.o)
 .debug_frame   0x00001cbc       0x50 c:/progra~2/gnutoo~1/50a5a~1.420/bin/../lib/gcc/arm-none-eabi/5.4.1/../../../../arm-none-eabi/lib/armv7-m\libg.a(lib_a-__call_atexit.o)
 .debug_frame   0x00001d0c       0x20 c:/progra~2/gnutoo~1/50a5a~1.420/bin/../lib/gcc/arm-none-eabi/5.4.1/../../../../arm-none-eabi/lib/armv7-m\libg.a(lib_a-atexit.o)
 .debug_frame   0x00001d2c      0x124 c:/progra~2/gnutoo~1/50a5a~1.420/bin/../lib/gcc/arm-none-eabi/5.4.1/../../../../arm-none-eabi/lib/armv7-m\libg.a(lib_a-findfp.o)
 .debug_frame   0x00001e50       0x34 c:/progra~2/gnutoo~1/50a5a~1.420/bin/../lib/gcc/arm-none-eabi/5.4.1/../../../../arm-none-eabi/lib/armv7-m\libg.a(lib_a-fini.o)
 .debug_frame   0x00001e84       0x68 c:/progra~2/gnutoo~1/50a5a~1.420/bin/../lib/gcc/arm-none-eabi/5.4.1/../../../../arm-none-eabi/lib/armv7-m\libg.a(lib_a-fvwrite.o)
 .debug_frame   0x00001eec       0x54 c:/progra~2/gnutoo~1/50a5a~1.420/bin/../lib/gcc/arm-none-eabi/5.4.1/../../../../arm-none-eabi/lib/armv7-m\libg.a(lib_a-fwalk.o)
 .debug_frame   0x00001f40       0x54 c:/progra~2/gnutoo~1/50a5a~1.420/bin/../lib/gcc/arm-none-eabi/5.4.1/../../../../arm-none-eabi/lib/armv7-m\libg.a(lib_a-mallocr.o)
 .debug_frame   0x00001f94       0x34 c:/progra~2/gnutoo~1/50a5a~1.420/bin/../lib/gcc/arm-none-eabi/5.4.1/../../../../arm-none-eabi/lib/armv7-m\libg.a(lib_a-memchr-stub.o)
 .debug_frame   0x00001fc8       0x30 c:/progra~2/gnutoo~1/50a5a~1.420/bin/../lib/gcc/arm-none-eabi/5.4.1/../../../../arm-none-eabi/lib/armv7-m\libg.a(lib_a-memmove.o)
 .debug_frame   0x00001ff8       0x30 c:/progra~2/gnutoo~1/50a5a~1.420/bin/../lib/gcc/arm-none-eabi/5.4.1/../../../../arm-none-eabi/lib/armv7-m\libg.a(lib_a-mlock.o)
 .debug_frame   0x00002028       0x58 c:/progra~2/gnutoo~1/50a5a~1.420/bin/../lib/gcc/arm-none-eabi/5.4.1/../../../../arm-none-eabi/lib/armv7-m\libg.a(lib_a-reallocr.o)
 .debug_frame   0x00002080       0x2c c:/progra~2/gnutoo~1/50a5a~1.420/bin/../lib/gcc/arm-none-eabi/5.4.1/../../../../arm-none-eabi/lib/armv7-m\libg.a(lib_a-sbrkr.o)
 .debug_frame   0x000020ac       0x88 c:/progra~2/gnutoo~1/50a5a~1.420/bin/../lib/gcc/arm-none-eabi/5.4.1/../../../../arm-none-eabi/lib/armv7-m\libg.a(lib_a-stdio.o)
 .debug_frame   0x00002134       0x2c c:/progra~2/gnutoo~1/50a5a~1.420/bin/../lib/gcc/arm-none-eabi/5.4.1/../../../../arm-none-eabi/lib/armv7-m\libg.a(lib_a-writer.o)
 .debug_frame   0x00002160       0x2c c:/progra~2/gnutoo~1/50a5a~1.420/bin/../lib/gcc/arm-none-eabi/5.4.1/../../../../arm-none-eabi/lib/armv7-m\libg.a(lib_a-wsetup.o)
 .debug_frame   0x0000218c       0x34 c:/progra~2/gnutoo~1/50a5a~1.420/bin/../lib/gcc/arm-none-eabi/5.4.1/../../../../arm-none-eabi/lib/armv7-m\libg.a(lib_a-__atexit.o)
 .debug_frame   0x000021c0       0x2c c:/progra~2/gnutoo~1/50a5a~1.420/bin/../lib/gcc/arm-none-eabi/5.4.1/../../../../arm-none-eabi/lib/armv7-m\libg.a(lib_a-closer.o)
 .debug_frame   0x000021ec       0x44 c:/progra~2/gnutoo~1/50a5a~1.420/bin/../lib/gcc/arm-none-eabi/5.4.1/../../../../arm-none-eabi/lib/armv7-m\libg.a(lib_a-fclose.o)
 .debug_frame   0x00002230       0x6c c:/progra~2/gnutoo~1/50a5a~1.420/bin/../lib/gcc/arm-none-eabi/5.4.1/../../../../arm-none-eabi/lib/armv7-m\libg.a(lib_a-fflush.o)
 .debug_frame   0x0000229c       0x74 c:/progra~2/gnutoo~1/50a5a~1.420/bin/../lib/gcc/arm-none-eabi/5.4.1/../../../../arm-none-eabi/lib/armv7-m\libg.a(lib_a-freer.o)
 .debug_frame   0x00002310       0x2c c:/progra~2/gnutoo~1/50a5a~1.420/bin/../lib/gcc/arm-none-eabi/5.4.1/../../../../arm-none-eabi/lib/armv7-m\libg.a(lib_a-lseekr.o)
 .debug_frame   0x0000233c       0x68 c:/progra~2/gnutoo~1/50a5a~1.420/bin/../lib/gcc/arm-none-eabi/5.4.1/../../../../arm-none-eabi/lib/armv7-m\libg.a(lib_a-makebuf.o)
 .debug_frame   0x000023a4       0x2c c:/progra~2/gnutoo~1/50a5a~1.420/bin/../lib/gcc/arm-none-eabi/5.4.1/../../../../arm-none-eabi/lib/armv7-m\libg.a(lib_a-readr.o)
 .debug_frame   0x000023d0       0x58 c:/progra~2/gnutoo~1/50a5a~1.420/bin/../lib/gcc/arm-none-eabi/5.4.1/../../../../arm-none-eabi/lib/armv7-m\libg.a(lib_a-reent.o)
 .debug_frame   0x00002428       0x2c c:/progra~2/gnutoo~1/50a5a~1.420/bin/../lib/gcc/arm-none-eabi/5.4.1/../../../../arm-none-eabi/lib/armv7-m\libg.a(lib_a-fstatr.o)
 .debug_frame   0x00002454       0x2c c:/progra~2/gnutoo~1/50a5a~1.420/bin/../lib/gcc/arm-none-eabi/5.4.1/../../../../arm-none-eabi/lib/armv7-m\libg.a(lib_a-isattyr.o)

.debug_loc      0x00000000     0x6ccb
 .debug_loc     0x00000000       0x4d CMakeFiles/stm32Project.elf.dir/Core/Src/i2c.c.obj
 .debug_loc     0x0000004d      0x2c4 CMakeFiles/stm32Project.elf.dir/Core/Src/main.c.obj
 .debug_loc     0x00000311      0x3a2 CMakeFiles/stm32Project.elf.dir/Core/Src/syscalls.c.obj
 .debug_loc     0x000006b3       0xdf CMakeFiles/stm32Project.elf.dir/Core/Src/system_stm32f1xx.c.obj
 .debug_loc     0x00000792       0xf1 CMakeFiles/stm32Project.elf.dir/Core/Src/usart.c.obj
 .debug_loc     0x00000883      0x6b2 CMakeFiles/stm32Project.elf.dir/Core/Src/user/oled.c.obj
 .debug_loc     0x00000f35       0xf9 CMakeFiles/stm32Project.elf.dir/Drivers/STM32F1xx_HAL_Driver/Src/stm32f1xx_hal.c.obj
 .debug_loc     0x0000102e      0x527 CMakeFiles/stm32Project.elf.dir/Drivers/STM32F1xx_HAL_Driver/Src/stm32f1xx_hal_cortex.c.obj
 .debug_loc     0x00001555      0x6ae CMakeFiles/stm32Project.elf.dir/Drivers/STM32F1xx_HAL_Driver/Src/stm32f1xx_hal_dma.c.obj
 .debug_loc     0x00001c03      0x2d6 CMakeFiles/stm32Project.elf.dir/Drivers/STM32F1xx_HAL_Driver/Src/stm32f1xx_hal_gpio.c.obj
 .debug_loc     0x00001ed9     0x357d CMakeFiles/stm32Project.elf.dir/Drivers/STM32F1xx_HAL_Driver/Src/stm32f1xx_hal_i2c.c.obj
 .debug_loc     0x00005456      0x542 CMakeFiles/stm32Project.elf.dir/Drivers/STM32F1xx_HAL_Driver/Src/stm32f1xx_hal_rcc.c.obj
 .debug_loc     0x00005998     0x1333 CMakeFiles/stm32Project.elf.dir/Drivers/STM32F1xx_HAL_Driver/Src/stm32f1xx_hal_uart.c.obj
